<html>
<body>
<pre>
<h1>µVision Build Log</h1>
<h2>Tool Versions:</h2>
IDE-Version: ¦ÌVision V5.24.2.0
Copyright (C) 2017 ARM Ltd and ARM Germany GmbH. All rights reserved.
License Information: luo Augenstern, 1, LIC=CZLZX-H8EMW-GKIBG-VB8U2-NW0ZJ-ZZ26N
 
Tool Versions:
Toolchain:       MDK-ARM Plus  Version: 5.24.1
Toolchain Path:  D:\Program Files\Keil_v5\ARM\ARMCC\Bin
C Compiler:      Armcc.exe V5.06 update 5 (build 528)
Assembler:       Armasm.exe V5.06 update 5 (build 528)
Linker/Locator:  ArmLink.exe V5.06 update 5 (build 528)
Library Manager: ArmAr.exe V5.06 update 5 (build 528)
Hex Converter:   FromElf.exe V5.06 update 5 (build 528)
CPU DLL:         SARMCM3.DLL V5.24.1
Dialog DLL:      DCM.DLL V1.16.0.0
Target DLL:      UL2CM3.DLL V1.160.3.0
Dialog DLL:      TCM.DLL V1.32.0.0
 
<h2>Project:</h2>
D:\Luozhang\Project\Drone_Remote_stm32\Drone\USER\UAV.uvprojx
Project File Date:  05/01/2026

<h2>Output:</h2>
*** Using Compiler 'V5.06 update 5 (build 528)', folder: 'D:\Program Files\Keil_v5\ARM\ARMCC\Bin'
Rebuild target 'Target 1'
assembling startup_stm32f10x_md.s...
compiling stm32f10x_it.c...
compiling systick.c...
compiling system_stm32f10x.c...
compiling main.c...
compiling led.c...
compiling core_cm3.c...
compiling pwm.c...
compiling iic.c...
compiling mpu6050.c...
compiling imath.c...
compiling acc_cal.c...
compiling gyro_cal.c...
compiling parse_packet.c...
..\OBJ\parse_packet.c(223): warning:  #1-D: last line of file ends without a newline
  */
..\OBJ\parse_packet.c: 1 warning, 0 errors
compiling flash.c...
compiling nrf24l01.c...
compiling spi.c...
compiling pair_freq.c...
..\OBJ\pair_freq.c(167): warning:  #1-D: last line of file ends without a newline
  */
..\OBJ\pair_freq.c: 1 warning, 0 errors
compiling adc.c...
compiling pid.c...
compiling imu.c...
compiling nvic.c...
compiling timer.c...
..\OBJ\timer.c(109): warning:  #1-D: last line of file ends without a newline
  */
..\OBJ\timer.c: 1 warning, 0 errors
compiling controller.c...
compiling fc_status.c...
compiling nav.c...
compiling usart2.c...
compiling inv_mpu_dmp_motion_driver.c...
compiling inv_mpu.c...
compiling system.c...
compiling misc.c...
compiling stm32f10x_bkp.c...
compiling stm32f10x_adc.c...
compiling stm32f10x_can.c...
compiling stm32f10x_cec.c...
compiling stm32f10x_crc.c...
compiling stm32f10x_dbgmcu.c...
compiling stm32f10x_dac.c...
compiling stm32f10x_dma.c...
compiling stm32f10x_exti.c...
compiling stm32f10x_flash.c...
compiling stm32f10x_fsmc.c...
compiling stm32f10x_gpio.c...
compiling stm32f10x_i2c.c...
compiling stm32f10x_iwdg.c...
compiling stm32f10x_pwr.c...
compiling stm32f10x_rcc.c...
compiling stm32f10x_rtc.c...
compiling stm32f10x_sdio.c...
compiling stm32f10x_spi.c...
compiling stm32f10x_usart.c...
compiling stm32f10x_wwdg.c...
compiling stm32f10x_tim.c...
linking...
Program Size: Code=31844 RO-data=3956 RW-data=192 ZI-data=2632  
".\Objects\flycontroller.axf" - 0 Error(s), 3 Warning(s).

<h2>Software Packages used:</h2>

Package Vendor: Keil
                http://www.keil.com/pack/Keil.STM32F1xx_DFP.2.2.0.pack
                Keil.STM32F1xx_DFP.2.2.0
                STMicroelectronics STM32F1 Series Device Support, Drivers and Examples

<h2>Collection of Component include folders:</h2>
  .\RTE\_Target_1
  D:\Program Files\Keil_v5\ARM\PACK\Keil\STM32F1xx_DFP\2.2.0\Device\Include

<h2>Collection of Component Files used:</h2>
Build Time Elapsed:  00:00:05
</pre>
</body>
</html>
