Component: ARM Compiler 5.06 update 6 (build 750) Tool: armlink [4d35ed]

==============================================================================

Section Cross References

    main.o(i.main) refers to systick.o(i.SystickInit) for SystickInit
    main.o(i.main) refers to led.o(i.RGB_LedInit) for RGB_LedInit
    main.o(i.main) refers to usart2.o(i.Usart2Init) for Usart2Init
    main.o(i.main) refers to pwm.o(i.PwmInit) for PwmInit
    main.o(i.main) refers to systick.o(i.delay_ms) for delay_ms
    main.o(i.main) refers to iic.o(i.IIC_Init) for IIC_Init
    main.o(i.main) refers to led.o(i.RGB_LedBlink) for RGB_LedBlink
    main.o(i.main) refers to mpu6050.o(i.MPU6050_Init) for MPU6050_Init
    main.o(i.main) refers to inv_mpu.o(i.mpu_dmp_init) for mpu_dmp_init
    main.o(i.main) refers to spi.o(i.SpiInit) for SpiInit
    main.o(i.main) refers to nrf24l01.o(i.NRF24L01Init) for NRF24L01Init
    main.o(i.main) refers to nrf24l01.o(i.NRF24L01_Check) for NRF24L01_Check
    main.o(i.main) refers to nrf24l01.o(i.NRF24L01ReceiveMode) for NRF24L01ReceiveMode
    main.o(i.main) refers to adc.o(i.AdcInit) for AdcInit
    main.o(i.main) refers to pid.o(i.AllPidInit) for AllPidInit
    main.o(i.main) refers to timer.o(i.TimerInit) for TimerInit
    main.o(i.main) refers to nvic.o(i.NVIC_config) for NVIC_config
    main.o(i.main) refers to usart2.o(i.Usart2Task) for Usart2Task
    main.o(i.main) refers to adc.o(i.VoltageDetect) for VoltageDetect
    system_stm32f10x.o(i.SetSysClock) refers to system_stm32f10x.o(i.SetSysClockTo72) for SetSysClockTo72
    system_stm32f10x.o(i.SystemCoreClockUpdate) refers to system_stm32f10x.o(.data) for SystemCoreClock
    system_stm32f10x.o(i.SystemInit) refers to system_stm32f10x.o(i.SetSysClock) for SetSysClock
    startup_stm32f10x_md.o(STACK) refers (Special) to heapauxi.o(.text) for __use_two_region_memory
    startup_stm32f10x_md.o(HEAP) refers (Special) to heapauxi.o(.text) for __use_two_region_memory
    startup_stm32f10x_md.o(RESET) refers (Special) to heapauxi.o(.text) for __use_two_region_memory
    startup_stm32f10x_md.o(RESET) refers to startup_stm32f10x_md.o(STACK) for __initial_sp
    startup_stm32f10x_md.o(RESET) refers to startup_stm32f10x_md.o(.text) for Reset_Handler
    startup_stm32f10x_md.o(RESET) refers to stm32f10x_it.o(i.NMI_Handler) for NMI_Handler
    startup_stm32f10x_md.o(RESET) refers to stm32f10x_it.o(i.HardFault_Handler) for HardFault_Handler
    startup_stm32f10x_md.o(RESET) refers to stm32f10x_it.o(i.MemManage_Handler) for MemManage_Handler
    startup_stm32f10x_md.o(RESET) refers to stm32f10x_it.o(i.BusFault_Handler) for BusFault_Handler
    startup_stm32f10x_md.o(RESET) refers to stm32f10x_it.o(i.UsageFault_Handler) for UsageFault_Handler
    startup_stm32f10x_md.o(RESET) refers to stm32f10x_it.o(i.SVC_Handler) for SVC_Handler
    startup_stm32f10x_md.o(RESET) refers to stm32f10x_it.o(i.DebugMon_Handler) for DebugMon_Handler
    startup_stm32f10x_md.o(RESET) refers to stm32f10x_it.o(i.PendSV_Handler) for PendSV_Handler
    startup_stm32f10x_md.o(RESET) refers to systick.o(i.SysTick_Handler) for SysTick_Handler
    startup_stm32f10x_md.o(RESET) refers to timer.o(i.TIM3_IRQHandler) for TIM3_IRQHandler
    startup_stm32f10x_md.o(RESET) refers to usart2.o(i.USART2_IRQHandler) for USART2_IRQHandler
    startup_stm32f10x_md.o(.text) refers (Special) to heapauxi.o(.text) for __use_two_region_memory
    startup_stm32f10x_md.o(.text) refers to system_stm32f10x.o(i.SystemInit) for SystemInit
    startup_stm32f10x_md.o(.text) refers to __main.o(!!!main) for __main
    startup_stm32f10x_md.o(.text) refers to startup_stm32f10x_md.o(HEAP) for Heap_Mem
    startup_stm32f10x_md.o(.text) refers to startup_stm32f10x_md.o(STACK) for Stack_Mem
    systick.o(i.SysTick_Handler) refers to systick.o(.data) for tickCount
    systick.o(i.SystickInit) refers to system_stm32f10x.o(.data) for SystemCoreClock
    systick.o(i.delay_ms) refers to systick.o(.data) for tickCount
    systick.o(i.delay_s) refers to systick.o(.data) for tickCount
    systick.o(i.delay_us) refers to systick.o(.data) for tickCount
    led.o(i.ButtomLedColorSet) refers to led.o(i.ButtomLedOff) for ButtomLedOff
    led.o(i.FrontLedBlinkSet) refers to led.o(.data) for locateLedBlinkSpeedCount
    led.o(i.LeftButtomLedBlinkSet) refers to led.o(i.ButtomLedColorSet) for ButtomLedColorSet
    led.o(i.LeftButtomLedBlinkSet) refers to led.o(i.ButtomLedOff) for ButtomLedOff
    led.o(i.LeftButtomLedBlinkSet) refers to led.o(.data) for ledButtomCount
    led.o(i.RGB_LedBlink) refers to led.o(i.TopLedColorSet) for TopLedColorSet
    led.o(i.RGB_LedBlink) refers to led.o(i.LedStatusOff) for LedStatusOff
    led.o(i.RGB_LedBlink) refers to led.o(.data) for blinkSpeedCount
    led.o(i.RGB_LedInit) refers to stm32f10x_rcc.o(i.RCC_APB2PeriphClockCmd) for RCC_APB2PeriphClockCmd
    led.o(i.RGB_LedInit) refers to stm32f10x_gpio.o(i.GPIO_PinRemapConfig) for GPIO_PinRemapConfig
[...]
    _mutex_free                               - Undefined Weak Reference
    _mutex_release                            - Undefined Weak Reference
    _printf_truncate_unsigned                 - Undefined Weak Reference
    _rand_init                                - Undefined Weak Reference
    _signal_finish                            - Undefined Weak Reference
    _signal_init                              - Undefined Weak Reference
    __Vectors_Size                           0x000000ec   Number         0  startup_stm32f10x_md.o ABSOLUTE
    __Vectors                                0x08000000   Data           4  startup_stm32f10x_md.o(RESET)
    __Vectors_End                            0x080000ec   Data           0  startup_stm32f10x_md.o(RESET)
    __main                                   0x080000ed   Thumb Code     8  __main.o(!!!main)
    __scatterload                            0x080000f5   Thumb Code     0  __scatter.o(!!!scatter)
    __scatterload_rt2                        0x080000f5   Thumb Code    44  __scatter.o(!!!scatter)
    __scatterload_rt2_thumb_only             0x080000f5   Thumb Code     0  __scatter.o(!!!scatter)
    __scatterload_null                       0x08000103   Thumb Code     0  __scatter.o(!!!scatter)
    __scatterload_copy                       0x08000129   Thumb Code    26  __scatter_copy.o(!!handler_copy)
    __scatterload_zeroinit                   0x08000145   Thumb Code    28  __scatter_zi.o(!!handler_zi)
    __rt_lib_init                            0x08000161   Thumb Code     0  libinit.o(.ARM.Collect$$libinit$$00000000)
    __rt_lib_init_alloca_1                   0x08000163   Thumb Code     0  libinit2.o(.ARM.Collect$$libinit$$0000002E)
    __rt_lib_init_argv_1                     0x08000163   Thumb Code     0  libinit2.o(.ARM.Collect$$libinit$$0000002C)
    __rt_lib_init_atexit_1                   0x08000163   Thumb Code     0  libinit2.o(.ARM.Collect$$libinit$$0000001B)
    __rt_lib_init_clock_1                    0x08000163   Thumb Code     0  libinit2.o(.ARM.Collect$$libinit$$00000021)
    __rt_lib_init_cpp_1                      0x08000163   Thumb Code     0  libinit2.o(.ARM.Collect$$libinit$$00000032)
    __rt_lib_init_exceptions_1               0x08000163   Thumb Code     0  libinit2.o(.ARM.Collect$$libinit$$00000030)
    __rt_lib_init_fp_1                       0x08000163   Thumb Code     0  libinit2.o(.ARM.Collect$$libinit$$00000002)
    __rt_lib_init_fp_trap_1                  0x08000163   Thumb Code     0  libinit2.o(.ARM.Collect$$libinit$$0000001F)
    __rt_lib_init_getenv_1                   0x08000163   Thumb Code     0  libinit2.o(.ARM.Collect$$libinit$$00000023)
    __rt_lib_init_heap_1                     0x08000163   Thumb Code     0  libinit2.o(.ARM.Collect$$libinit$$0000000A)
    __rt_lib_init_lc_collate_1               0x08000163   Thumb Code     0  libinit2.o(.ARM.Collect$$libinit$$00000011)
    __rt_lib_init_lc_ctype_1                 0x08000163   Thumb Code     0  libinit2.o(.ARM.Collect$$libinit$$00000013)
    __rt_lib_init_lc_monetary_1              0x08000163   Thumb Code     0  libinit2.o(.ARM.Collect$$libinit$$00000015)
    __rt_lib_init_lc_numeric_1               0x08000163   Thumb Code     0  libinit2.o(.ARM.Collect$$libinit$$00000017)
    __rt_lib_init_lc_time_1                  0x08000163   Thumb Code     0  libinit2.o(.ARM.Collect$$libinit$$00000019)
    __rt_lib_init_preinit_1                  0x08000163   Thumb Code     0  libinit2.o(.ARM.Collect$$libinit$$00000004)
    __rt_lib_init_rand_1                     0x08000163   Thumb Code     0  libinit2.o(.ARM.Collect$$libinit$$0000000E)
    __rt_lib_init_return                     0x08000163   Thumb Code     0  libinit2.o(.ARM.Collect$$libinit$$00000033)
    __rt_lib_init_signal_1                   0x08000163   Thumb Code     0  libinit2.o(.ARM.Collect$$libinit$$0000001D)
    __rt_lib_init_stdio_1                    0x08000163   Thumb Code     0  libinit2.o(.ARM.Collect$$libinit$$00000025)
    __rt_lib_init_user_alloc_1               0x08000163   Thumb Code     0  libinit2.o(.ARM.Collect$$libinit$$0000000C)
    __rt_lib_shutdown                        0x08000165   Thumb Code     0  libshutdown.o(.ARM.Collect$$libshutdown$$00000000)
    __rt_lib_shutdown_cpp_1                  0x08000167   Thumb Code     0  libshutdown2.o(.ARM.Collect$$libshutdown$$00000002)
    __rt_lib_shutdown_fp_trap_1              0x08000167   Thumb Code     0  libshutdown2.o(.ARM.Collect$$libshutdown$$00000007)
    __rt_lib_shutdown_heap_1                 0x08000167   Thumb Code     0  libshutdown2.o(.ARM.Collect$$libshutdown$$0000000F)
    __rt_lib_shutdown_return                 0x08000167   Thumb Code     0  libshutdown2.o(.ARM.Collect$$libshutdown$$00000010)
    __rt_lib_shutdown_signal_1               0x08000167   Thumb Code     0  libshutdown2.o(.ARM.Collect$$libshutdown$$0000000A)
    __rt_lib_shutdown_stdio_1                0x08000167   Thumb Code     0  libshutdown2.o(.ARM.Collect$$libshutdown$$00000004)
    __rt_lib_shutdown_user_alloc_1           0x08000167   Thumb Code     0  libshutdown2.o(.ARM.Collect$$libshutdown$$0000000C)
    __rt_entry                               0x08000169   Thumb Code     0  __rtentry.o(.ARM.Collect$$rtentry$$00000000)
    __rt_entry_presh_1                       0x08000169   Thumb Code     0  __rtentry2.o(.ARM.Collect$$rtentry$$00000002)
    __rt_entry_sh                            0x08000169   Thumb Code     0  __rtentry4.o(.ARM.Collect$$rtentry$$00000004)
    __rt_entry_li                            0x0800016f   Thumb Code     0  __rtentry2.o(.ARM.Collect$$rtentry$$0000000A)
    __rt_entry_postsh_1                      0x0800016f   Thumb Code     0  __rtentry2.o(.ARM.Collect$$rtentry$$00000009)
    __rt_entry_main                          0x08000173   Thumb Code     0  __rtentry2.o(.ARM.Collect$$rtentry$$0000000D)
    __rt_entry_postli_1                      0x08000173   Thumb Code     0  __rtentry2.o(.ARM.Collect$$rtentry$$0000000C)
    __rt_exit                                0x0800017b   Thumb Code     0  rtexit.o(.ARM.Collect$$rtexit$$00000000)
    __rt_exit_ls                             0x0800017d   Thumb Code     0  rtexit2.o(.ARM.Collect$$rtexit$$00000003)
    __rt_exit_prels_1                        0x0800017d   Thumb Code     0  rtexit2.o(.ARM.Collect$$rtexit$$00000002)
    __rt_exit_exit                           0x08000181   Thumb Code     0  rtexit2.o(.ARM.Collect$$rtexit$$00000004)
    Reset_Handler                            0x08000189   Thumb Code     8  startup_stm32f10x_md.o(.text)
    ADC1_2_IRQHandler                        0x080001a3   Thumb Code     0  startup_stm32f10x_md.o(.text)
    CAN1_RX1_IRQHandler                      0x080001a3   Thumb Code     0  startup_stm32f10x_md.o(.text)
    CAN1_SCE_IRQHandler                      0x080001a3   Thumb Code     0  startup_stm32f10x_md.o(.text)
    DMA1_Channel1_IRQHandler                 0x080001a3   Thumb Code     0  startup_stm32f10x_md.o(.text)
    DMA1_Channel2_IRQHandler                 0x080001a3   Thumb Code     0  startup_stm32f10x_md.o(.text)
    DMA1_Channel3_IRQHandler                 0x080001a3   Thumb Code     0  startup_stm32f10x_md.o(.text)
    DMA1_Channel4_IRQHandler                 0x080001a3   Thumb Code     0  startup_stm32f10x_md.o(.text)
    DMA1_Channel5_IRQHandler                 0x080001a3   Thumb Code     0  startup_stm32f10x_md.o(.text)
    DMA1_Channel6_IRQHandler                 0x080001a3   Thumb Code     0  startup_stm32f10x_md.o(.text)
    DMA1_Channel7_IRQHandler                 0x080001a3   Thumb Code     0  startup_stm32f10x_md.o(.text)
    EXTI0_IRQHandler                         0x080001a3   Thumb Code     0  startup_stm32f10x_md.o(.text)
    EXTI15_10_IRQHandler                     0x080001a3   Thumb Code     0  startup_stm32f10x_md.o(.text)
    EXTI1_IRQHandler                         0x080001a3   Thumb Code     0  startup_stm32f10x_md.o(.text)
    EXTI2_IRQHandler                         0x080001a3   Thumb Code     0  startup_stm32f10x_md.o(.text)
    EXTI3_IRQHandler                         0x080001a3   Thumb Code     0  startup_stm32f10x_md.o(.text)
    EXTI4_IRQHandler                         0x080001a3   Thumb Code     0  startup_stm32f10x_md.o(.text)
    EXTI9_5_IRQHandler                       0x080001a3   Thumb Code     0  startup_stm32f10x_md.o(.text)
    FLASH_IRQHandler                         0x080001a3   Thumb Code     0  startup_stm32f10x_md.o(.text)
    I2C1_ER_IRQHandler                       0x080001a3   Thumb Code     0  startup_stm32f10x_md.o(.text)
    I2C1_EV_IRQHandler                       0x080001a3   Thumb Code     0  startup_stm32f10x_md.o(.text)
    I2C2_ER_IRQHandler                       0x080001a3   Thumb Code     0  startup_stm32f10x_md.o(.text)
    I2C2_EV_IRQHandler                       0x080001a3   Thumb Code     0  startup_stm32f10x_md.o(.text)
    PVD_IRQHandler                           0x080001a3   Thumb Code     0  startup_stm32f10x_md.o(.text)
    RCC_IRQHandler                           0x080001a3   Thumb Code     0  startup_stm32f10x_md.o(.text)
    RTCAlarm_IRQHandler                      0x080001a3   Thumb Code     0  startup_stm32f10x_md.o(.text)
    RTC_IRQHandler                           0x080001a3   Thumb Code     0  startup_stm32f10x_md.o(.text)
    SPI1_IRQHandler                          0x080001a3   Thumb Code     0  startup_stm32f10x_md.o(.text)
    SPI2_IRQHandler                          0x080001a3   Thumb Code     0  startup_stm32f10x_md.o(.text)
    TAMPER_IRQHandler                        0x080001a3   Thumb Code     0  startup_stm32f10x_md.o(.text)
    TIM1_BRK_IRQHandler                      0x080001a3   Thumb Code     0  startup_stm32f10x_md.o(.text)
    TIM1_CC_IRQHandler                       0x080001a3   Thumb Code     0  startup_stm32f10x_md.o(.text)
    TIM1_TRG_COM_IRQHandler                  0x080001a3   Thumb Code     0  startup_stm32f10x_md.o(.text)
    TIM1_UP_IRQHandler                       0x080001a3   Thumb Code     0  startup_stm32f10x_md.o(.text)
    TIM2_IRQHandler                          0x080001a3   Thumb Code     0  startup_stm32f10x_md.o(.text)
    TIM4_IRQHandler                          0x080001a3   Thumb Code     0  startup_stm32f10x_md.o(.text)
    USART1_IRQHandler                        0x080001a3   Thumb Code     0  startup_stm32f10x_md.o(.text)
    USART3_IRQHandler                        0x080001a3   Thumb Code     0  startup_stm32f10x_md.o(.text)
    USBWakeUp_IRQHandler                     0x080001a3   Thumb Code     0  startup_stm32f10x_md.o(.text)
    USB_HP_CAN1_TX_IRQHandler                0x080001a3   Thumb Code     0  startup_stm32f10x_md.o(.text)
    USB_LP_CAN1_RX0_IRQHandler               0x080001a3   Thumb Code     0  startup_stm32f10x_md.o(.text)
    WWDG_IRQHandler                          0x080001a3   Thumb Code     0  startup_stm32f10x_md.o(.text)
    __user_initial_stackheap                 0x080001a5   Thumb Code     0  startup_stm32f10x_md.o(.text)
    __aeabi_ldivmod                          0x080001c9   Thumb Code     0  llsdiv.o(.text)
    _ll_sdiv                                 0x080001c9   Thumb Code    72  llsdiv.o(.text)
    memcmp                                   0x08000211   Thumb Code    88  memcmp.o(.text)
    __aeabi_memcpy4                          0x08000269   Thumb Code     0  rt_memcpy_w.o(.text)
    __aeabi_memcpy8                          0x08000269   Thumb Code     0  rt_memcpy_w.o(.text)
    __rt_memcpy_w                            0x08000269   Thumb Code   100  rt_memcpy_w.o(.text)
    _memcpy_lastbytes_aligned                0x080002b1   Thumb Code     0  rt_memcpy_w.o(.text)
    __aeabi_memset                           0x080002cd   Thumb Code    16  aeabi_memset.o(.text)
    __aeabi_memclr4                          0x080002dd   Thumb Code     0  rt_memclr_w.o(.text)
    __aeabi_memclr8                          0x080002dd   Thumb Code     0  rt_memclr_w.o(.text)
    __rt_memclr_w                            0x080002dd   Thumb Code    78  rt_memclr_w.o(.text)
    _memset_w                                0x080002e1   Thumb Code     0  rt_memclr_w.o(.text)
    __use_two_region_memory                  0x0800032b   Thumb Code     2  heapauxi.o(.text)
    __rt_heap_escrow                         0x0800032d   Thumb Code     2  heapauxi.o(.text)
    __rt_heap_expand                         0x0800032f   Thumb Code     2  heapauxi.o(.text)
    __aeabi_uldivmod                         0x08000331   Thumb Code     0  lludivv7m.o(.text)
    _ll_udiv                                 0x08000331   Thumb Code   238  lludivv7m.o(.text)
    __read_errno                             0x0800041f   Thumb Code    10  _rserrno.o(.text)
    __set_errno                              0x08000429   Thumb Code    12  _rserrno.o(.text)
    __aeabi_memclr                           0x08000435   Thumb Code     0  rt_memclr.o(.text)
    __rt_memclr                              0x08000435   Thumb Code    68  rt_memclr.o(.text)
    _memset                                  0x08000439   Thumb Code     0  rt_memclr.o(.text)
    __aeabi_errno_addr                       0x08000479   Thumb Code     8  rt_errno_addr_intlibspace.o(.text)
    __errno$intlibspace                      0x08000479   Thumb Code     0  rt_errno_addr_intlibspace.o(.text)
    __rt_errno_addr$intlibspace              0x08000479   Thumb Code     0  rt_errno_addr_intlibspace.o(.text)
    __user_libspace                          0x08000481   Thumb Code     8  libspace.o(.text)
    __user_perproc_libspace                  0x08000481   Thumb Code     0  libspace.o(.text)
    __user_perthread_libspace                0x08000481   Thumb Code     0  libspace.o(.text)
    __user_setup_stackheap                   0x08000489   Thumb Code    74  sys_stackheap_outer.o(.text)
    exit                                     0x080004d3   Thumb Code    18  exit.o(.text)
    __I$use$semihosting                      0x080004e5   Thumb Code     0  use_no_semi.o(.text)
    __use_no_semihosting_swi                 0x080004e5   Thumb Code     2  use_no_semi.o(.text)
    __semihosting_library_function           0x080004e7   Thumb Code     0  indicate_semi.o(.text)
    _sys_exit                                0x080004e9   Thumb Code     8  sys_exit.o(.text)
    ADC_Cmd                                  0x080004f5   Thumb Code    22  stm32f10x_adc.o(i.ADC_Cmd)
    ADC_DMACmd                               0x0800050b   Thumb Code    22  stm32f10x_adc.o(i.ADC_DMACmd)
    ADC_GetCalibrationStatus                 0x08000521   Thumb Code    20  stm32f10x_adc.o(i.ADC_GetCalibrationStatus)
    ADC_Init                                 0x08000535   Thumb Code    70  stm32f10x_adc.o(i.ADC_Init)
    ADC_RegularChannelConfig                 0x08000585   Thumb Code   184  stm32f10x_adc.o(i.ADC_RegularChannelConfig)
    ADC_ResetCalibration                     0x0800063d   Thumb Code    10  stm32f10x_adc.o(i.ADC_ResetCalibration)
    ADC_SoftwareStartConvCmd                 0x08000647   Thumb Code    22  stm32f10x_adc.o(i.ADC_SoftwareStartConvCmd)
    ADC_StartCalibration                     0x0800065d   Thumb Code    10  stm32f10x_adc.o(i.ADC_StartCalibration)
    ANOSendStatus                            0x08000af9   Thumb Code   320  usart2.o(i.ANOSendStatus)
    AdcInit                                  0x08000c8d   Thumb Code    20  adc.o(i.AdcInit)
    AllPidInit                               0x08000ca5   Thumb Code   180  pid.o(i.AllPidInit)
    AngleController                          0x08000d6d   Thumb Code   132  controller.o(i.AngleController)
    BusFault_Handler                         0x08000e05   Thumb Code     4  stm32f10x_it.o(i.BusFault_Handler)
    ButtomLedColorSet                        0x08000e09   Thumb Code   122  led.o(i.ButtomLedColorSet)
    ButtomLedOff                             0x08000e89   Thumb Code    16  led.o(i.ButtomLedOff)
    ClearIntegral                            0x08000e9d   Thumb Code     6  pid.o(i.ClearIntegral)
    ControModel                              0x08000ea5   Thumb Code    46  controller.o(i.ControModel)
    ControllerOutput                         0x08000ee5   Thumb Code   358  controller.o(i.ControllerOutput)
    DMA_Cmd                                  0x08001069   Thumb Code    24  stm32f10x_dma.o(i.DMA_Cmd)
    DMA_DeInit                               0x08001081   Thumb Code   324  stm32f10x_dma.o(i.DMA_DeInit)
    DMA_GetCurrDataCounter                   0x080011cd   Thumb Code     8  stm32f10x_dma.o(i.DMA_GetCurrDataCounter)
    DMA_Init                                 0x080011d5   Thumb Code    60  stm32f10x_dma.o(i.DMA_Init)
    DMA_SetCurrDataCounter                   0x08001211   Thumb Code     4  stm32f10x_dma.o(i.DMA_SetCurrDataCounter)
    DebugMon_Handler                         0x08001441   Thumb Code     2  stm32f10x_it.o(i.DebugMon_Handler)
    DmaConfig                                0x08001445   Thumb Code    78  adc.o(i.DmaConfig)
    FLASH_ClearFlag                          0x0800149d   Thumb Code     6  stm32f10x_flash.o(i.FLASH_ClearFlag)
    FLASH_ErasePage                          0x080014a9   Thumb Code    72  stm32f10x_flash.o(i.FLASH_ErasePage)
    FLASH_GetBank1Status                     0x080014f5   Thumb Code    48  stm32f10x_flash.o(i.FLASH_GetBank1Status)
    FLASH_LockBank1                          0x08001529   Thumb Code    14  stm32f10x_flash.o(i.FLASH_LockBank1)
    FLASH_ProgramWord                        0x0800153d   Thumb Code   102  stm32f10x_flash.o(i.FLASH_ProgramWord)
    FLASH_UnlockBank1                        0x080015a9   Thumb Code    12  stm32f10x_flash.o(i.FLASH_UnlockBank1)
    FLASH_WaitForLastOperation               0x080015c1   Thumb Code    38  stm32f10x_flash.o(i.FLASH_WaitForLastOperation)
    FrontLedBlinkSet                         0x080015e9   Thumb Code   118  led.o(i.FrontLedBlinkSet)
    GPIO_Init                                0x08001671   Thumb Code   278  stm32f10x_gpio.o(i.GPIO_Init)
    GPIO_PinRemapConfig                      0x08001789   Thumb Code   138  stm32f10x_gpio.o(i.GPIO_PinRemapConfig)
    GPIO_ResetBits                           0x08001819   Thumb Code     4  stm32f10x_gpio.o(i.GPIO_ResetBits)
    GPIO_SetBits                             0x0800181d   Thumb Code     4  stm32f10x_gpio.o(i.GPIO_SetBits)
    GyroController                           0x08001821   Thumb Code    68  controller.o(i.GyroController)
    GyroDataTransformDeg                     0x0800186d   Thumb Code    74  imu.o(i.GyroDataTransformDeg)
    HardFault_Handler                        0x080018bd   Thumb Code     4  stm32f10x_it.o(i.HardFault_Handler)
    IIC_Ack                                  0x080018c1   Thumb Code    44  iic.o(i.IIC_Ack)
    IIC_Init                                 0x080018f5   Thumb Code    64  iic.o(i.IIC_Init)
    IIC_NAck                                 0x08001941   Thumb Code    44  iic.o(i.IIC_NAck)
    IIC_Read_Byte                            0x08001975   Thumb Code    76  iic.o(i.IIC_Read_Byte)
    IIC_Send_Byte                            0x080019c9   Thumb Code    84  iic.o(i.IIC_Send_Byte)
    IIC_Start                                0x08001a25   Thumb Code    42  iic.o(i.IIC_Start)
    IIC_Stop                                 0x08001a59   Thumb Code    42  iic.o(i.IIC_Stop)
    IIC_Wait_Ack                             0x08001a8d   Thumb Code    68  iic.o(i.IIC_Wait_Ack)
    IMU                                      0x08001add   Thumb Code    26  imu.o(i.IMU)
    LedStatusOff                             0x08001b9d   Thumb Code    20  led.o(i.LedStatusOff)
    LimitInt32                               0x08001bb9   Thumb Code    14  imath.o(i.LimitInt32)
    MPU6050_Get_Gyroscope                    0x08001bc7   Thumb Code    80  mpu6050.o(i.MPU6050_Get_Gyroscope)
    MPU6050_Init                             0x08001c17   Thumb Code   118  mpu6050.o(i.MPU6050_Init)
    MPU6050_Read_Byte                        0x08001c8d   Thumb Code    58  mpu6050.o(i.MPU6050_Read_Byte)
    MPU6050_Read_Len                         0x08001cc7   Thumb Code   116  mpu6050.o(i.MPU6050_Read_Len)
    MPU6050_Set_Accel_Fsr                    0x08001d3b   Thumb Code    16  mpu6050.o(i.MPU6050_Set_Accel_Fsr)
    MPU6050_Set_Gyro_Fsr                     0x08001d4b   Thumb Code    16  mpu6050.o(i.MPU6050_Set_Gyro_Fsr)
    MPU6050_Set_LPF                          0x08001d5b   Thumb Code    58  mpu6050.o(i.MPU6050_Set_LPF)
    MPU6050_Set_Rate                         0x08001d95   Thumb Code    58  mpu6050.o(i.MPU6050_Set_Rate)
    MPU6050_Write_Byte                       0x08001dcf   Thumb Code    68  mpu6050.o(i.MPU6050_Write_Byte)
    MPU6050_Write_Len                        0x08001e13   Thumb Code    96  mpu6050.o(i.MPU6050_Write_Len)
    MemManage_Handler                        0x08001e73   Thumb Code     4  stm32f10x_it.o(i.MemManage_Handler)
    NMI_Handler                              0x08001e77   Thumb Code     2  stm32f10x_it.o(i.NMI_Handler)
    NRF24L01Init                             0x08001e79   Thumb Code    80  nrf24l01.o(i.NRF24L01Init)
    NRF24L01ReceiveMode                      0x08001ed1   Thumb Code   104  nrf24l01.o(i.NRF24L01ReceiveMode)
    NRF24L01_Check                           0x08001f41   Thumb Code    66  nrf24l01.o(i.NRF24L01_Check)
    NRF24L01_RxPacket                        0x08001f8d   Thumb Code    52  nrf24l01.o(i.NRF24L01_RxPacket)
    NVIC_Init                                0x08001fc1   Thumb Code   100  misc.o(i.NVIC_Init)
    NVIC_PriorityGroupConfig                 0x08002031   Thumb Code    10  misc.o(i.NVIC_PriorityGroupConfig)
    NVIC_config                              0x08002045   Thumb Code    68  nvic.o(i.NVIC_config)
    NrfACKPacket                             0x08002089   Thumb Code    72  parse_packet.o(i.NrfACKPacket)
    PendSV_Handler                           0x080020dd   Thumb Code     2  stm32f10x_it.o(i.PendSV_Handler)
    PidController                            0x080020df   Thumb Code   164  pid.o(i.PidController)
    PidDataReadFromFlash                     0x08002183   Thumb Code   256  flash.o(i.PidDataReadFromFlash)
    PidDataWriteToFlash                      0x08002319   Thumb Code   342  flash.o(i.PidDataWriteToFlash)
    PidInit                                  0x08002475   Thumb Code    62  pid.o(i.PidInit)
    PlaneLockStatus                          0x080024b9   Thumb Code   210  fc_status.o(i.PlaneLockStatus)
    PwmInit                                  0x08002599   Thumb Code   220  pwm.o(i.PwmInit)
    PwmOut                                   0x0800267d   Thumb Code    86  pwm.o(i.PwmOut)
    RCC_ADCCLKConfig                         0x080026d9   Thumb Code    18  stm32f10x_rcc.o(i.RCC_ADCCLKConfig)
    RCC_AHBPeriphClockCmd                    0x080026f1   Thumb Code    26  stm32f10x_rcc.o(i.RCC_AHBPeriphClockCmd)
    RCC_APB1PeriphClockCmd                   0x08002711   Thumb Code    26  stm32f10x_rcc.o(i.RCC_APB1PeriphClockCmd)
    RCC_APB2PeriphClockCmd                   0x08002731   Thumb Code    26  stm32f10x_rcc.o(i.RCC_APB2PeriphClockCmd)
    RCC_GetClocksFreq                        0x08002751   Thumb Code   192  stm32f10x_rcc.o(i.RCC_GetClocksFreq)
    RGB_LedBlink                             0x08002825   Thumb Code    90  led.o(i.RGB_LedBlink)
    RGB_LedInit                              0x08002889   Thumb Code    88  led.o(i.RGB_LedInit)
    RGB_LedStatus                            0x080028ed   Thumb Code    98  led.o(i.RGB_LedStatus)
    SDA_IN                                   0x080029a1   Thumb Code    24  iic.o(i.SDA_IN)
    SDA_OUT                                  0x080029bd   Thumb Code    30  iic.o(i.SDA_OUT)
    SPI_Cmd                                  0x080029e1   Thumb Code    24  stm32f10x_spi.o(i.SPI_Cmd)
    SPI_I2S_GetFlagStatus                    0x080029f9   Thumb Code    18  stm32f10x_spi.o(i.SPI_I2S_GetFlagStatus)
    SPI_I2S_ReceiveData                      0x08002a0b   Thumb Code     6  stm32f10x_spi.o(i.SPI_I2S_ReceiveData)
    SPI_I2S_SendData                         0x08002a11   Thumb Code     4  stm32f10x_spi.o(i.SPI_I2S_SendData)
    SPI_Init                                 0x08002a15   Thumb Code    60  stm32f10x_spi.o(i.SPI_Init)
    SPI_Read_Buf                             0x08002a51   Thumb Code    60  nrf24l01.o(i.SPI_Read_Buf)
    SPI_Read_Reg                             0x08002a91   Thumb Code    38  nrf24l01.o(i.SPI_Read_Reg)
    SPI_Write_Buf                            0x08002abd   Thumb Code    60  nrf24l01.o(i.SPI_Write_Buf)
    SPI_Write_Reg                            0x08002afd   Thumb Code    40  nrf24l01.o(i.SPI_Write_Reg)
    STM32_FLASH_Read                         0x08002b29   Thumb Code    26  flash.o(i.STM32_FLASH_Read)
    SVC_Handler                              0x08002b43   Thumb Code     2  stm32f10x_it.o(i.SVC_Handler)
    SpiInit                                  0x08002c2d   Thumb Code   188  spi.o(i.SpiInit)
    Spi_RW_Byte                              0x08002cf5   Thumb Code    50  spi.o(i.Spi_RW_Byte)
    SysTick_Handler                          0x08002d2d   Thumb Code    18  systick.o(i.SysTick_Handler)
    SystemInit                               0x08002d45   Thumb Code    78  system_stm32f10x.o(i.SystemInit)
    SystickInit                              0x08002da5   Thumb Code    38  systick.o(i.SystickInit)
    TIM3_IRQHandler                          0x08002dd5   Thumb Code   148  timer.o(i.TIM3_IRQHandler)
    TIM_ARRPreloadConfig                     0x08002e89   Thumb Code    24  stm32f10x_tim.o(i.TIM_ARRPreloadConfig)
    TIM_ClearFlag                            0x08002ea1   Thumb Code     6  stm32f10x_tim.o(i.TIM_ClearFlag)
    TIM_Cmd                                  0x08002ea7   Thumb Code    24  stm32f10x_tim.o(i.TIM_Cmd)
    TIM_CtrlPWMOutputs                       0x08002ebf   Thumb Code    30  stm32f10x_tim.o(i.TIM_CtrlPWMOutputs)
    TIM_ITConfig                             0x08002edd   Thumb Code    18  stm32f10x_tim.o(i.TIM_ITConfig)
    TIM_OC1Init                              0x08002ef1   Thumb Code   132  stm32f10x_tim.o(i.TIM_OC1Init)
    TIM_OC1PreloadConfig                     0x08002f89   Thumb Code    18  stm32f10x_tim.o(i.TIM_OC1PreloadConfig)
    TIM_OC2Init                              0x08002f9d   Thumb Code   154  stm32f10x_tim.o(i.TIM_OC2Init)
    TIM_OC2PreloadConfig                     0x08003041   Thumb Code    26  stm32f10x_tim.o(i.TIM_OC2PreloadConfig)
    TIM_OC3Init                              0x0800305d   Thumb Code   150  stm32f10x_tim.o(i.TIM_OC3Init)
    TIM_OC3PreloadConfig                     0x080030fd   Thumb Code    18  stm32f10x_tim.o(i.TIM_OC3PreloadConfig)
    TIM_OC4Init                              0x08003111   Thumb Code   114  stm32f10x_tim.o(i.TIM_OC4Init)
    TIM_OC4PreloadConfig                     0x0800318d   Thumb Code    26  stm32f10x_tim.o(i.TIM_OC4PreloadConfig)
    TIM_TimeBaseInit                         0x080031a9   Thumb Code   122  stm32f10x_tim.o(i.TIM_TimeBaseInit)
    ThrottleLimit                            0x08003321   Thumb Code    14  imath.o(i.ThrottleLimit)
    TimerInit                                0x08003331   Thumb Code    80  timer.o(i.TimerInit)
    TopLedColorSet                           0x08003385   Thumb Code   130  led.o(i.TopLedColorSet)
    USART2_IRQHandler                        0x08003411   Thumb Code    32  usart2.o(i.USART2_IRQHandler)
    USART_ClearFlag                          0x08003435   Thumb Code    18  stm32f10x_usart.o(i.USART_ClearFlag)
    USART_Cmd                                0x08003447   Thumb Code    24  stm32f10x_usart.o(i.USART_Cmd)
    USART_DMACmd                             0x0800345f   Thumb Code    18  stm32f10x_usart.o(i.USART_DMACmd)
    USART_GetFlagStatus                      0x08003471   Thumb Code    26  stm32f10x_usart.o(i.USART_GetFlagStatus)
    USART_GetITStatus                        0x0800348b   Thumb Code    84  stm32f10x_usart.o(i.USART_GetITStatus)
    USART_ITConfig                           0x080034df   Thumb Code    74  stm32f10x_usart.o(i.USART_ITConfig)
    USART_Init                               0x08003529   Thumb Code   210  stm32f10x_usart.o(i.USART_Init)
    USART_ReceiveData                        0x08003601   Thumb Code    10  stm32f10x_usart.o(i.USART_ReceiveData)
    UnusualProtect                           0x0800360d   Thumb Code    58  controller.o(i.UnusualProtect)
    UsageFault_Handler                       0x08003659   Thumb Code     4  stm32f10x_it.o(i.UsageFault_Handler)
    Usart2Init                               0x080036e9   Thumb Code   144  usart2.o(i.Usart2Init)
    Usart2Task                               0x080037c9   Thumb Code    72  usart2.o(i.Usart2Task)
    VoltageDetect                            0x080038b1   Thumb Code    74  adc.o(i.VoltageDetect)
    __ARM_fpclassify                         0x0800390d   Thumb Code    40  fpclassify.o(i.__ARM_fpclassify)
    __kernel_poly                            0x08003935   Thumb Code   170  poly.o(i.__kernel_poly)
    __mathlib_dbl_infnan                     0x080039df   Thumb Code     6  dunder.o(i.__mathlib_dbl_infnan)
    __mathlib_dbl_infnan2                    0x080039e5   Thumb Code     4  dunder.o(i.__mathlib_dbl_infnan2)
    __mathlib_dbl_invalid                    0x080039e9   Thumb Code    12  dunder.o(i.__mathlib_dbl_invalid)
    __mathlib_dbl_underflow                  0x080039f5   Thumb Code    10  dunder.o(i.__mathlib_dbl_underflow)
    _controller_perform                      0x08003a05   Thumb Code    30  controller.o(i._controller_perform)
    adc_config                               0x08003ad1   Thumb Code   136  adc.o(i.adc_config)
    adc_gpio_init                            0x08003b5d   Thumb Code    32  adc.o(i.adc_gpio_init)
    asin                                     0x08003b81   Thumb Code   572  asin.o(i.asin)
    atan                                     0x08003df1   Thumb Code   474  atan.o(i.atan)
    atan2                                    0x08004011   Thumb Code   346  atan2.o(i.atan2)
    delay_ms                                 0x080041f5   Thumb Code    62  systick.o(i.delay_ms)
    direction_to_zero                        0x08004239   Thumb Code    34  imath.o(i.direction_to_zero)
    dmp_enable_6x_lp_quat                    0x0800425b   Thumb Code    60  inv_mpu_dmp_motion_driver.o(i.dmp_enable_6x_lp_quat)
    dmp_enable_feature                       0x08004299   Thumb Code   530  inv_mpu_dmp_motion_driver.o(i.dmp_enable_feature)
    dmp_enable_gyro_cal                      0x080044b5   Thumb Code    62  inv_mpu_dmp_motion_driver.o(i.dmp_enable_gyro_cal)
    dmp_enable_lp_quat                       0x0800450d   Thumb Code    60  inv_mpu_dmp_motion_driver.o(i.dmp_enable_lp_quat)
    dmp_load_motion_driver_firmware          0x08004549   Thumb Code    20  inv_mpu_dmp_motion_driver.o(i.dmp_load_motion_driver_firmware)
    dmp_read_fifo                            0x08004561   Thumb Code   456  inv_mpu_dmp_motion_driver.o(i.dmp_read_fifo)
    dmp_set_accel_bias                       0x0800472d   Thumb Code   300  inv_mpu_dmp_motion_driver.o(i.dmp_set_accel_bias)
    dmp_set_fifo_rate                        0x0800485d   Thumb Code    96  inv_mpu_dmp_motion_driver.o(i.dmp_set_fifo_rate)
    dmp_set_gyro_bias                        0x080048cd   Thumb Code   294  inv_mpu_dmp_motion_driver.o(i.dmp_set_gyro_bias)
    dmp_set_orientation                      0x080049fd   Thumb Code   290  inv_mpu_dmp_motion_driver.o(i.dmp_set_orientation)
    dmp_set_shake_reject_thresh              0x08004b35   Thumb Code    56  inv_mpu_dmp_motion_driver.o(i.dmp_set_shake_reject_thresh)
    dmp_set_shake_reject_time                0x08004b6d   Thumb Code    38  inv_mpu_dmp_motion_driver.o(i.dmp_set_shake_reject_time)
    dmp_set_shake_reject_timeout             0x08004b93   Thumb Code    38  inv_mpu_dmp_motion_driver.o(i.dmp_set_shake_reject_timeout)
    dmp_set_tap_axes                         0x08004bb9   Thumb Code    70  inv_mpu_dmp_motion_driver.o(i.dmp_set_tap_axes)
    dmp_set_tap_count                        0x08004bff   Thumb Code    38  inv_mpu_dmp_motion_driver.o(i.dmp_set_tap_count)
    dmp_set_tap_thresh                       0x08004c25   Thumb Code   396  inv_mpu_dmp_motion_driver.o(i.dmp_set_tap_thresh)
    dmp_set_tap_time                         0x08004dc5   Thumb Code    38  inv_mpu_dmp_motion_driver.o(i.dmp_set_tap_time)
    dmp_set_tap_time_multi                   0x08004deb   Thumb Code    38  inv_mpu_dmp_motion_driver.o(i.dmp_set_tap_time_multi)
    inv_orientation_matrix_to_scalar         0x08005445   Thumb Code    40  inv_mpu.o(i.inv_orientation_matrix_to_scalar)
    inv_row_2_scale                          0x0800546d   Thumb Code    78  inv_mpu.o(i.inv_row_2_scale)
    main                                     0x080054bb   Thumb Code   150  main.o(i.main)
    mget_ms                                  0x08005551   Thumb Code     2  inv_mpu.o(i.mget_ms)
    mpu_configure_fifo                       0x08005555   Thumb Code   106  inv_mpu.o(i.mpu_configure_fifo)
    mpu_dmp_get_data                         0x080055c5   Thumb Code   544  inv_mpu.o(i.mpu_dmp_get_data)
    mpu_dmp_init                             0x080057e9   Thumb Code   150  inv_mpu.o(i.mpu_dmp_init)
    mpu_get_accel_fsr                        0x08005885   Thumb Code    72  inv_mpu.o(i.mpu_get_accel_fsr)
    mpu_get_accel_sens                       0x080058d1   Thumb Code    78  inv_mpu.o(i.mpu_get_accel_sens)
    mpu_get_fifo_config                      0x08005925   Thumb Code    12  inv_mpu.o(i.mpu_get_fifo_config)
    mpu_get_gyro_fsr                         0x08005935   Thumb Code    64  inv_mpu.o(i.mpu_get_gyro_fsr)
    mpu_get_gyro_sens                        0x08005979   Thumb Code    58  inv_mpu.o(i.mpu_get_gyro_sens)
    mpu_get_lpf                              0x080059c9   Thumb Code    74  inv_mpu.o(i.mpu_get_lpf)
    mpu_get_sample_rate                      0x08005a19   Thumb Code    26  inv_mpu.o(i.mpu_get_sample_rate)
    mpu_init                                 0x08005a39   Thumb Code   396  inv_mpu.o(i.mpu_init)
    mpu_load_firmware                        0x08005bc9   Thumb Code   180  inv_mpu.o(i.mpu_load_firmware)
    mpu_lp_accel_mode                        0x08005c81   Thumb Code   218  inv_mpu.o(i.mpu_lp_accel_mode)
    mpu_read_fifo_stream                     0x08005d61   Thumb Code   186  inv_mpu.o(i.mpu_read_fifo_stream)
    mpu_read_mem                             0x08005e21   Thumb Code   122  inv_mpu.o(i.mpu_read_mem)
    mpu_reset_fifo                           0x08005ea1   Thumb Code   450  inv_mpu.o(i.mpu_reset_fifo)
    mpu_run_self_test                        0x08006069   Thumb Code   278  inv_mpu.o(i.mpu_run_self_test)
    mpu_set_accel_fsr                        0x08006185   Thumb Code   126  inv_mpu.o(i.mpu_set_accel_fsr)
    mpu_set_bypass                           0x08006209   Thumb Code   328  inv_mpu.o(i.mpu_set_bypass)
    mpu_set_dmp_state                        0x08006355   Thumb Code   138  inv_mpu.o(i.mpu_set_dmp_state)
    mpu_set_gyro_fsr                         0x080063e5   Thumb Code   132  inv_mpu.o(i.mpu_set_gyro_fsr)
    mpu_set_int_latched                      0x0800646d   Thumb Code   102  inv_mpu.o(i.mpu_set_int_latched)
    mpu_set_lpf                              0x080064d9   Thumb Code   126  inv_mpu.o(i.mpu_set_lpf)
    mpu_set_sample_rate                      0x0800655d   Thumb Code   152  inv_mpu.o(i.mpu_set_sample_rate)
    mpu_set_sensors                          0x080065f9   Thumb Code   202  inv_mpu.o(i.mpu_set_sensors)
    mpu_write_mem                            0x080066c9   Thumb Code   122  inv_mpu.o(i.mpu_write_mem)
    nrf_parse_packet                         0x08006749   Thumb Code   280  parse_packet.o(i.nrf_parse_packet)
    run_self_test                            0x08006871   Thumb Code   148  inv_mpu.o(i.run_self_test)
    sqrt                                     0x08006995   Thumb Code    76  sqrt.o(i.sqrt)
    time_check                               0x080069e1   Thumb Code    54  timer.o(i.time_check)
    wait_pairing                             0x08006a25   Thumb Code   148  pair_freq.o(i.wait_pairing)
    __aeabi_d2f                              0x08006ac9   Thumb Code     0  d2f.o(x$fpl$d2f)
    _d2f                                     0x08006ac9   Thumb Code    98  d2f.o(x$fpl$d2f)
    __aeabi_dadd                             0x08006b2d   Thumb Code     0  daddsub_clz.o(x$fpl$dadd)
    _dadd                                    0x08006b2d   Thumb Code   332  daddsub_clz.o(x$fpl$dadd)
    __fpl_dcheck_NaN1                        0x08006c7d   Thumb Code    10  dcheck1.o(x$fpl$dcheck1)
    __aeabi_ddiv                             0x08006c8d   Thumb Code     0  ddiv.o(x$fpl$ddiv)
    _ddiv                                    0x08006c8d   Thumb Code   552  ddiv.o(x$fpl$ddiv)
    __aeabi_i2d                              0x08006f3d   Thumb Code     0  dflt_clz.o(x$fpl$dflt)
    _dflt                                    0x08006f3d   Thumb Code    46  dflt_clz.o(x$fpl$dflt)
    __aeabi_dmul                             0x08006f6d   Thumb Code     0  dmul.o(x$fpl$dmul)
    _dmul                                    0x08006f6d   Thumb Code   332  dmul.o(x$fpl$dmul)
    __fpl_dnaninf                            0x080070c1   Thumb Code   156  dnaninf.o(x$fpl$dnaninf)
    __fpl_dretinf                            0x0800715d   Thumb Code    12  dretinf.o(x$fpl$dretinf)
    __aeabi_drsub                            0x08007169   Thumb Code     0  daddsub_clz.o(x$fpl$drsb)
    _drsb                                    0x08007169   Thumb Code    22  daddsub_clz.o(x$fpl$drsb)
    _dsqrt                                   0x08007181   Thumb Code   456  dsqrt_noumaal.o(x$fpl$dsqrt)
    __aeabi_dsub                             0x0800734d   Thumb Code     0  daddsub_clz.o(x$fpl$dsub)
    _dsub                                    0x0800734d   Thumb Code   464  daddsub_clz.o(x$fpl$dsub)
    __aeabi_f2d                              0x08007521   Thumb Code     0  f2d.o(x$fpl$f2d)
    _f2d                                     0x08007521   Thumb Code    86  f2d.o(x$fpl$f2d)
    __aeabi_fadd                             0x08007579   Thumb Code     0  faddsub_clz.o(x$fpl$fadd)
    _fadd                                    0x08007579   Thumb Code   196  faddsub_clz.o(x$fpl$fadd)
    __fpl_fcmp_Inf                           0x0800763d   Thumb Code    24  fcmpi.o(x$fpl$fcmpinf)
    __aeabi_fdiv                             0x08007655   Thumb Code     0  fdiv.o(x$fpl$fdiv)
    _fdiv                                    0x08007655   Thumb Code   384  fdiv.o(x$fpl$fdiv)
    __aeabi_cfcmpeq                          0x080077d9   Thumb Code     0  feqf.o(x$fpl$feqf)
    _fcmpeq                                  0x080077d9   Thumb Code   104  feqf.o(x$fpl$feqf)
    __aeabi_f2iz                             0x08007841   Thumb Code     0  ffix.o(x$fpl$ffix)
    _ffix                                    0x08007841   Thumb Code    54  ffix.o(x$fpl$ffix)
    __aeabi_f2uiz                            0x08007879   Thumb Code     0  ffixu.o(x$fpl$ffixu)
    _ffixu                                   0x08007879   Thumb Code    62  ffixu.o(x$fpl$ffixu)
    __aeabi_i2f                              0x080078b9   Thumb Code     0  fflt_clz.o(x$fpl$fflt)
    _fflt                                    0x080078b9   Thumb Code    48  fflt_clz.o(x$fpl$fflt)
    __aeabi_ui2f                             0x080078e9   Thumb Code     0  fflt_clz.o(x$fpl$ffltu)
    _ffltu                                   0x080078e9   Thumb Code    38  fflt_clz.o(x$fpl$ffltu)
    __aeabi_cfcmple                          0x08007911   Thumb Code     0  fleqf.o(x$fpl$fleqf)
    _fcmple                                  0x08007911   Thumb Code   104  fleqf.o(x$fpl$fleqf)
    __fpl_fcmple_InfNaN                      0x08007963   Thumb Code     0  fleqf.o(x$fpl$fleqf)
    __aeabi_fmul                             0x08007979   Thumb Code     0  fmul.o(x$fpl$fmul)
    _fmul                                    0x08007979   Thumb Code   258  fmul.o(x$fpl$fmul)
    __fpl_fnaninf                            0x08007a7b   Thumb Code   140  fnaninf.o(x$fpl$fnaninf)
    __fpl_fretinf                            0x08007b07   Thumb Code    10  fretinf.o(x$fpl$fretinf)
    __aeabi_cfrcmple                         0x08007b11   Thumb Code     0  frleqf.o(x$fpl$frleqf)
    _frcmple                                 0x08007b11   Thumb Code    98  frleqf.o(x$fpl$frleqf)
    __aeabi_fsub                             0x08007b75   Thumb Code     0  faddsub_clz.o(x$fpl$fsub)
    _fsub                                    0x08007b75   Thumb Code   234  faddsub_clz.o(x$fpl$fsub)
    __fpl_return_NaN                         0x08007c5f   Thumb Code   100  retnan.o(x$fpl$retnan)
    __ARM_scalbn                             0x08007cc3   Thumb Code    92  scalbn.o(x$fpl$scalbn)
    __fpl_cmpreturn                          0x08007d1f   Thumb Code    48  trapv.o(x$fpl$trapveneer)
    __I$use$fp                               0x08007d4e   Number         0  usenofp.o(x$fpl$usenofp)
    pidIintData                              0x08007d50   Data         300  pid.o(.constdata)
    reg                                      0x08007e7c   Data          27  inv_mpu.o(.constdata)
    hw                                       0x08007e98   Data          12  inv_mpu.o(.constdata)
    test                                     0x08007ea4   Data          40  inv_mpu.o(.constdata)
    __mathlib_zero                           0x08008bb0   Data           8  qnan.o(.constdata)
    Region$$Table$$Base                      0x08008bb8   Number         0  anon$$obj.o(Region$$Table)
    Region$$Table$$Limit                     0x08008bd8   Number         0  anon$$obj.o(Region$$Table)
    SystemCoreClock                          0x20000000   Data           4  system_stm32f10x.o(.data)
    AHBPrescTable                            0x20000004   Data          16  system_stm32f10x.o(.data)
    tickCount                                0x20000014   Data           4  systick.o(.data)
    blinkSpeedCount                          0x20000018   Data           2  led.o(.data)
    blinkPeriodCount                         0x2000001a   Data           2  led.o(.data)
    ledButtomCount                           0x2000001c   Data           2  led.o(.data)
    LedButtomCount                           0x2000001e   Data           1  led.o(.data)
    locateLedBlinkSpeedCount                 0x20000020   Data           2  led.o(.data)
    locateLedBlinkSpeed                      0x20000022   Data           2  led.o(.data)
    flash_flag                               0x20000024   Data           2  flash.o(.data)
    flashStatus                              0x20000026   Data           1  flash.o(.data)
    pair                                     0x20000027   Data           6  pair_freq.o(.data)
    adc_value                                0x20000030   Data           2  adc.o(.data)
    padc_value                               0x20000034   Data           4  adc.o(.data)
    pidResetFlag                             0x20000038   Data           4  pid.o(.data)
    running_tim_cnt                          0x2000003c   Data           4  timer.o(.data)
    controller_cnt                           0x20000044   Data           3  controller.o(.data)
    throttle                                 0x20000048   Data           8  controller.o(.data)
    _control                                 0x20000050   Data           1  controller.o(.data)
    Motor1                                   0x20000054   Data           4  controller.o(.data)
    Motor2                                   0x20000058   Data           4  controller.o(.data)
    Motor3                                   0x2000005c   Data           4  controller.o(.data)
    Motor4                                   0x20000060   Data           4  controller.o(.data)
    high_mark_flag                           0x20000068   Data           1  controller.o(.data)
    fix_mark_flag                            0x20000069   Data           1  controller.o(.data)
    Mpu                                      0x200000c0   Data          36  mpu6050.o(.bss)
    Rx_packet                                0x200000e4   Data          11  parse_packet.o(.bss)
    txPacket                                 0x200000ef   Data          11  parse_packet.o(.bss)
    plane                                    0x200000fc   Data          36  parse_packet.o(.bss)
    att                                      0x20000120   Data          12  imu.o(.bss)
    att_time                                 0x2000012c   Data          16  imu.o(.bss)
    allPid                                   0x2000013c   Data         660  pid.o(.bss)
    run_start                                0x200003d0   Data          16  timer.o(.bss)
    run_stop                                 0x200003e0   Data          16  timer.o(.bss)
    __libspace_start                         0x200004a4   Data          96  libspace.o(.bss)
    __temporary_stack_top$libspace           0x20000504   Data           0  libspace.o(.bss)



==============================================================================

Memory Map of the image

  Image Entry point : 0x080000ed

  Load Region LR_IROM1 (Base: 0x08000000, Size: 0x00008c98, Max: 0x00010000, ABSOLUTE)

    Execution Region ER_IROM1 (Exec base: 0x08000000, Load base: 0x08000000, Size: 0x00008bd8, Max: 0x00010000, ABSOLUTE)

    Exec Addr    Load Addr    Size         Type   Attr      Idx    E Section Name        Object

    0x08000000   0x08000000   0x000000ec   Data   RO          266    RESET               startup_stm32f10x_md.o
    0x080000ec   0x080000ec   0x00000008   Code   RO         4733  * !!!main             c_w.l(__main.o)
    0x080000f4   0x080000f4   0x00000034   Code   RO         5230    !!!scatter          c_w.l(__scatter.o)
    0x08000128   0x08000128   0x0000001a   Code   RO         5232    !!handler_copy      c_w.l(__scatter_copy.o)
    0x08000142   0x08000142   0x00000002   PAD
    0x08000144   0x08000144   0x0000001c   Code   RO         5234    !!handler_zi        c_w.l(__scatter_zi.o)
    0x08000160   0x08000160   0x00000002   Code   RO         5017    .ARM.Collect$$libinit$$00000000  c_w.l(libinit.o)
    0x08000162   0x08000162   0x00000000   Code   RO         5019    .ARM.Collect$$libinit$$00000002  c_w.l(libinit2.o)
    0x08000162   0x08000162   0x00000000   Code   RO         5021    .ARM.Collect$$libinit$$00000004  c_w.l(libinit2.o)
    0x08000162   0x08000162   0x00000000   Code   RO         5024    .ARM.Collect$$libinit$$0000000A  c_w.l(libinit2.o)
    0x08000162   0x08000162   0x00000000   Code   RO         5026    .ARM.Collect$$libinit$$0000000C  c_w.l(libinit2.o)
    0x08000162   0x08000162   0x00000000   Code   RO         5028    .ARM.Collect$$libinit$$0000000E  c_w.l(libinit2.o)
    0x08000162   0x08000162   0x00000000   Code   RO         5031    .ARM.Collect$$libinit$$00000011  c_w.l(libinit2.o)
    0x08000162   0x08000162   0x00000000   Code   RO         5033    .ARM.Collect$$libinit$$00000013  c_w.l(libinit2.o)
    0x08000162   0x08000162   0x00000000   Code   RO         5035    .ARM.Collect$$libinit$$00000015  c_w.l(libinit2.o)
    0x08000162   0x08000162   0x00000000   Code   RO         5037    .ARM.Collect$$libinit$$00000017  c_w.l(libinit2.o)
    0x08000162   0x08000162   0x00000000   Code   RO         5039    .ARM.Collect$$libinit$$00000019  c_w.l(libinit2.o)
    0x08000162   0x08000162   0x00000000   Code   RO         5041    .ARM.Collect$$libinit$$0000001B  c_w.l(libinit2.o)
    0x08000162   0x08000162   0x00000000   Code   RO         5043    .ARM.Collect$$libinit$$0000001D  c_w.l(libinit2.o)
    0x08000162   0x08000162   0x00000000   Code   RO         5045    .ARM.Collect$$libinit$$0000001F  c_w.l(libinit2.o)
    0x08000162   0x08000162   0x00000000   Code   RO         5047    .ARM.Collect$$libinit$$00000021  c_w.l(libinit2.o)
    0x08000162   0x08000162   0x00000000   Code   RO         5049    .ARM.Collect$$libinit$$00000023  c_w.l(libinit2.o)
    0x08000162   0x08000162   0x00000000   Code   RO         5051    .ARM.Collect$$libinit$$00000025  c_w.l(libinit2.o)
    0x08000162   0x08000162   0x00000000   Code   RO         5055    .ARM.Collect$$libinit$$0000002C  c_w.l(libinit2.o)
    0x08000162   0x08000162   0x00000000   Code   RO         5057    .ARM.Collect$$libinit$$0000002E  c_w.l(libinit2.o)
    0x08000162   0x08000162   0x00000000   Code   RO         5059    .ARM.Collect$$libinit$$00000030  c_w.l(libinit2.o)
    0x08000162   0x08000162   0x00000000   Code   RO         5061    .ARM.Collect$$libinit$$00000032  c_w.l(libinit2.o)
    0x08000162   0x08000162   0x00000002   Code   RO         5062    .ARM.Collect$$libinit$$00000033  c_w.l(libinit2.o)
    0x08000164   0x08000164   0x00000002   Code   RO         5211    .ARM.Collect$$libshutdown$$00000000  c_w.l(libshutdown.o)
    0x08000166   0x08000166   0x00000000   Code   RO         5064    .ARM.Collect$$libshutdown$$00000002  c_w.l(libshutdown2.o)
    0x08000166   0x08000166   0x00000000   Code   RO         5066    .ARM.Collect$$libshutdown$$00000004  c_w.l(libshutdown2.o)
    0x08000166   0x08000166   0x00000000   Code   RO         5069    .ARM.Collect$$libshutdown$$00000007  c_w.l(libshutdown2.o)
    0x08000166   0x08000166   0x00000000   Code   RO         5072    .ARM.Collect$$libshutdown$$0000000A  c_w.l(libshutdown2.o)
    0x08000166   0x08000166   0x00000000   Code   RO         5074    .ARM.Collect$$libshutdown$$0000000C  c_w.l(libshutdown2.o)
    0x08000166   0x08000166   0x00000000   Code   RO         5077    .ARM.Collect$$libshutdown$$0000000F  c_w.l(libshutdown2.o)
    0x08000166   0x08000166   0x00000002   Code   RO         5078    .ARM.Collect$$libshutdown$$00000010  c_w.l(libshutdown2.o)
    0x08000168   0x08000168   0x00000000   Code   RO         4807    .ARM.Collect$$rtentry$$00000000  c_w.l(__rtentry.o)
    0x08000168   0x08000168   0x00000000   Code   RO         4876    .ARM.Collect$$rtentry$$00000002  c_w.l(__rtentry2.o)
    0x08000168   0x08000168   0x00000006   Code   RO         4888    .ARM.Collect$$rtentry$$00000004  c_w.l(__rtentry4.o)
    0x0800016e   0x0800016e   0x00000000   Code   RO         4878    .ARM.Collect$$rtentry$$00000009  c_w.l(__rtentry2.o)
    0x0800016e   0x0800016e   0x00000004   Code   RO         4879    .ARM.Collect$$rtentry$$0000000A  c_w.l(__rtentry2.o)
    0x08000172   0x08000172   0x00000000   Code   RO         4881    .ARM.Collect$$rtentry$$0000000C  c_w.l(__rtentry2.o)
    0x08000172   0x08000172   0x00000008   Code   RO         4882    .ARM.Collect$$rtentry$$0000000D  c_w.l(__rtentry2.o)
    0x0800017a   0x0800017a   0x00000002   Code   RO         5088    .ARM.Collect$$rtexit$$00000000  c_w.l(rtexit.o)
    0x0800017c   0x0800017c   0x00000000   Code   RO         5150    .ARM.Collect$$rtexit$$00000002  c_w.l(rtexit2.o)
    0x0800017c   0x0800017c   0x00000004   Code   RO         5151    .ARM.Collect$$rtexit$$00000003  c_w.l(rtexit2.o)
    0x08000180   0x08000180   0x00000006   Code   RO         5152    .ARM.Collect$$rtexit$$00000004  c_w.l(rtexit2.o)
    0x08000186   0x08000186   0x00000002   PAD
    0x08000188   0x08000188   0x00000040   Code   RO          267    .text               startup_stm32f10x_md.o
    0x080001c8   0x080001c8   0x00000048   Code   RO         4670    .text               c_w.l(llsdiv.o)
    0x08000210   0x08000210   0x00000058   Code   RO         4723    .text               c_w.l(memcmp.o)
    0x08000268   0x08000268   0x00000064   Code   RO         4725    .text               c_w.l(rt_memcpy_w.o)
    0x080002cc   0x080002cc   0x00000010   Code   RO         4727    .text               c_w.l(aeabi_memset.o)
    0x080002dc   0x080002dc   0x0000004e   Code   RO         4729    .text               c_w.l(rt_memclr_w.o)
    0x0800032a   0x0800032a   0x00000006   Code   RO         4731    .text               c_w.l(heapauxi.o)
    0x08000330   0x08000330   0x000000ee   Code   RO         4808    .text               c_w.l(lludivv7m.o)
    0x0800041e   0x0800041e   0x00000016   Code   RO         4810    .text               c_w.l(_rserrno.o)
    0x08000434   0x08000434   0x00000044   Code   RO         4823    .text               c_w.l(rt_memclr.o)
    0x08000478   0x08000478   0x00000008   Code   RO         4897    .text               c_w.l(rt_errno_addr_intlibspace.o)
    0x08000480   0x08000480   0x00000008   Code   RO         4926    .text               c_w.l(libspace.o)
    0x08000488   0x08000488   0x0000004a   Code   RO         4931    .text               c_w.l(sys_stackheap_outer.o)
    0x080004d2   0x080004d2   0x00000012   Code   RO         5006    .text               c_w.l(exit.o)
    0x080004e4   0x080004e4   0x00000002   Code   RO         5085    .text               c_w.l(use_no_semi.o)
    0x080004e6   0x080004e6   0x00000000   Code   RO         5087    .text               c_w.l(indicate_semi.o)
    0x080004e6   0x080004e6   0x00000002   PAD
    0x080004e8   0x080004e8   0x0000000c   Code   RO         5147    .text               c_w.l(sys_exit.o)
    0x080004f4   0x080004f4   0x00000016   Code   RO         1743    i.ADC_Cmd           stm32f10x_adc.o
    0x0800050a   0x0800050a   0x00000016   Code   RO         1744    i.ADC_DMACmd        stm32f10x_adc.o
    0x08000520   0x08000520   0x00000014   Code   RO         1751    i.ADC_GetCalibrationStatus  stm32f10x_adc.o
    0x08000534   0x08000534   0x00000050   Code   RO         1761    i.ADC_Init          stm32f10x_adc.o
    0x08000584   0x08000584   0x000000b8   Code   RO         1765    i.ADC_RegularChannelConfig  stm32f10x_adc.o
    0x0800063c   0x0800063c   0x0000000a   Code   RO         1766    i.ADC_ResetCalibration  stm32f10x_adc.o
    0x08000646   0x08000646   0x00000016   Code   RO         1768    i.ADC_SoftwareStartConvCmd  stm32f10x_adc.o
    0x0800065c   0x0800065c   0x0000000a   Code   RO         1770    i.ADC_StartCalibration  stm32f10x_adc.o
    0x08000666   0x08000666   0x00000002   PAD
    0x08000668   0x08000668   0x00000114   Code   RO         1090    i.ANODTDataReceivePrepare  usart2.o
    0x0800077c   0x0800077c   0x0000037c   Code   RO         1091    i.ANODataReceiveAnalysis  usart2.o
    0x08000af8   0x08000af8   0x0000014c   Code   RO         1092    i.ANOSendStatus     usart2.o
    0x08000c44   0x08000c44   0x00000048   Code   RO         1093    i.ANO_DT_Send_Check  usart2.o
    0x08000c8c   0x08000c8c   0x00000018   Code   RO          851    i.AdcInit           adc.o
    0x08000ca4   0x08000ca4   0x000000c8   Code   RO          891    i.AllPidInit        pid.o
    0x08000d6c   0x08000d6c   0x00000098   Code   RO          970    i.AngleController   controller.o
    0x08000e04   0x08000e04   0x00000004   Code   RO          173    i.BusFault_Handler  stm32f10x_it.o
    0x08000e08   0x08000e08   0x00000080   Code   RO          310    i.ButtomLedColorSet  led.o
    0x08000e88   0x08000e88   0x00000014   Code   RO          311    i.ButtomLedOff      led.o
    0x08000e9c   0x08000e9c   0x00000006   Code   RO          892    i.ClearIntegral     pid.o
    0x08000ea2   0x08000ea2   0x00000002   PAD
    0x08000ea4   0x08000ea4   0x00000040   Code   RO          971    i.ControModel       controller.o
    0x08000ee4   0x08000ee4   0x00000184   Code   RO          972    i.ControllerOutput  controller.o
    0x08001068   0x08001068   0x00000018   Code   RO         2428    i.DMA_Cmd           stm32f10x_dma.o
    0x08001080   0x08001080   0x0000014c   Code   RO         2429    i.DMA_DeInit        stm32f10x_dma.o
    0x080011cc   0x080011cc   0x00000008   Code   RO         2430    i.DMA_GetCurrDataCounter  stm32f10x_dma.o
    0x080011d4   0x080011d4   0x0000003c   Code   RO         2434    i.DMA_Init          stm32f10x_dma.o
    0x08001210   0x08001210   0x00000004   Code   RO         2435    i.DMA_SetCurrDataCounter  stm32f10x_dma.o
    0x08001214   0x08001214   0x0000022c   Code   RO         1095    i.DateTransfer      usart2.o
    0x08001440   0x08001440   0x00000002   Code   RO          174    i.DebugMon_Handler  stm32f10x_it.o
    0x08001442   0x08001442   0x00000002   PAD
    0x08001444   0x08001444   0x00000058   Code   RO          852    i.DmaConfig         adc.o
    0x0800149c   0x0800149c   0x0000000c   Code   RO         2552    i.FLASH_ClearFlag   stm32f10x_flash.o
    0x080014a8   0x080014a8   0x0000004c   Code   RO         2557    i.FLASH_ErasePage   stm32f10x_flash.o
    0x080014f4   0x080014f4   0x00000034   Code   RO         2558    i.FLASH_GetBank1Status  stm32f10x_flash.o
    0x08001528   0x08001528   0x00000014   Code   RO         2568    i.FLASH_LockBank1   stm32f10x_flash.o
    0x0800153c   0x0800153c   0x0000006c   Code   RO         2572    i.FLASH_ProgramWord  stm32f10x_flash.o
    0x080015a8   0x080015a8   0x00000018   Code   RO         2576    i.FLASH_UnlockBank1  stm32f10x_flash.o
    0x080015c0   0x080015c0   0x00000026   Code   RO         2579    i.FLASH_WaitForLastOperation  stm32f10x_flash.o
    0x080015e6   0x080015e6   0x00000002   PAD
    0x080015e8   0x080015e8   0x00000088   Code   RO          312    i.FrontLedBlinkSet  led.o
    0x08001670   0x08001670   0x00000116   Code   RO         2852    i.GPIO_Init         stm32f10x_gpio.o
    0x08001786   0x08001786   0x00000002   PAD
    0x08001788   0x08001788   0x00000090   Code   RO         2854    i.GPIO_PinRemapConfig  stm32f10x_gpio.o
    0x08001818   0x08001818   0x00000004   Code   RO         2859    i.GPIO_ResetBits    stm32f10x_gpio.o
    0x0800181c   0x0800181c   0x00000004   Code   RO         2860    i.GPIO_SetBits      stm32f10x_gpio.o
    0x08001820   0x08001820   0x0000004c   Code   RO          973    i.GyroController    controller.o
    0x0800186c   0x0800186c   0x00000050   Code   RO          821    i.GyroDataTransformDeg  imu.o
    0x080018bc   0x080018bc   0x00000004   Code   RO          175    i.HardFault_Handler  stm32f10x_it.o
    0x080018c0   0x080018c0   0x00000034   Code   RO          433    i.IIC_Ack           iic.o
    0x080018f4   0x080018f4   0x0000004c   Code   RO          434    i.IIC_Init          iic.o
    0x08001940   0x08001940   0x00000034   Code   RO          435    i.IIC_NAck          iic.o
    0x08001974   0x08001974   0x00000054   Code   RO          436    i.IIC_Read_Byte     iic.o
    0x080019c8   0x080019c8   0x0000005c   Code   RO          437    i.IIC_Send_Byte     iic.o
    0x08001a24   0x08001a24   0x00000034   Code   RO          438    i.IIC_Start         iic.o
    0x08001a58   0x08001a58   0x00000034   Code   RO          439    i.IIC_Stop          iic.o
    0x08001a8c   0x08001a8c   0x0000004c   Code   RO          440    i.IIC_Wait_Ack      iic.o
    0x08001ad8   0x08001ad8   0x00000002   Code   RO          441    i.IIC_delay         iic.o
    0x08001ada   0x08001ada   0x00000002   PAD
    0x08001adc   0x08001adc   0x00000020   Code   RO          822    i.IMU               imu.o
    0x08001afc   0x08001afc   0x00000026   Code   RO          974    i.IsStickInsideWindow  controller.o
    0x08001b22   0x08001b22   0x00000002   PAD
    0x08001b24   0x08001b24   0x00000040   Code   RO          975    i.IsTakeoffAssistArmReady  controller.o
    0x08001b64   0x08001b64   0x00000038   Code   RO          976    i.IsTakeoffAssistPilotOverride  controller.o
    0x08001b9c   0x08001b9c   0x0000001c   Code   RO          313    i.LedStatusOff      led.o
    0x08001bb8   0x08001bb8   0x0000000e   Code   RO          398    i.LimitInt32        imath.o
    0x08001bc6   0x08001bc6   0x00000050   Code   RO          508    i.MPU6050_Get_Gyroscope  mpu6050.o
    0x08001c16   0x08001c16   0x00000076   Code   RO          510    i.MPU6050_Init      mpu6050.o
    0x08001c8c   0x08001c8c   0x0000003a   Code   RO          511    i.MPU6050_Read_Byte  mpu6050.o
    0x08001cc6   0x08001cc6   0x00000074   Code   RO          512    i.MPU6050_Read_Len  mpu6050.o
    0x08001d3a   0x08001d3a   0x00000010   Code   RO          513    i.MPU6050_Set_Accel_Fsr  mpu6050.o
    0x08001d4a   0x08001d4a   0x00000010   Code   RO          514    i.MPU6050_Set_Gyro_Fsr  mpu6050.o
    0x08001d5a   0x08001d5a   0x0000003a   Code   RO          515    i.MPU6050_Set_LPF   mpu6050.o
    0x08001d94   0x08001d94   0x0000003a   Code   RO          516    i.MPU6050_Set_Rate  mpu6050.o
    0x08001dce   0x08001dce   0x00000044   Code   RO          517    i.MPU6050_Write_Byte  mpu6050.o
    0x08001e12   0x08001e12   0x00000060   Code   RO          518    i.MPU6050_Write_Len  mpu6050.o
    0x08001e72   0x08001e72   0x00000004   Code   RO          176    i.MemManage_Handler  stm32f10x_it.o
    0x08001e76   0x08001e76   0x00000002   Code   RO          177    i.NMI_Handler       stm32f10x_it.o
    0x08001e78   0x08001e78   0x00000058   Code   RO          709    i.NRF24L01Init      nrf24l01.o
    0x08001ed0   0x08001ed0   0x00000070   Code   RO          710    i.NRF24L01ReceiveMode  nrf24l01.o
    0x08001f40   0x08001f40   0x0000004c   Code   RO          711    i.NRF24L01_Check    nrf24l01.o
    0x08001f8c   0x08001f8c   0x00000034   Code   RO          712    i.NRF24L01_RxPacket  nrf24l01.o
    0x08001fc0   0x08001fc0   0x00000070   Code   RO         1701    i.NVIC_Init         misc.o
    0x08002030   0x08002030   0x00000014   Code   RO         1702    i.NVIC_PriorityGroupConfig  misc.o
    0x08002044   0x08002044   0x00000044   Code   RO          926    i.NVIC_config       nvic.o
    0x08002088   0x08002088   0x00000054   Code   RO          681    i.NrfACKPacket      parse_packet.o
    0x080020dc   0x080020dc   0x00000002   Code   RO          178    i.PendSV_Handler    stm32f10x_it.o
    0x080020de   0x080020de   0x000000a4   Code   RO          893    i.PidController     pid.o
    0x08002182   0x08002182   0x00000100   Code   RO          615    i.PidDataReadFromFlash  flash.o
    0x08002282   0x08002282   0x00000096   Code   RO         1096    i.PidDataSend       usart2.o
    0x08002318   0x08002318   0x0000015c   Code   RO          616    i.PidDataWriteToFlash  flash.o
    0x08002474   0x08002474   0x00000044   Code   RO          894    i.PidInit           pid.o
    0x080024b8   0x080024b8   0x000000e0   Code   RO         1050    i.PlaneLockStatus   fc_status.o
    0x08002598   0x08002598   0x000000e4   Code   RO          373    i.PwmInit           pwm.o
    0x0800267c   0x0800267c   0x0000005c   Code   RO          374    i.PwmOut            pwm.o
    0x080026d8   0x080026d8   0x00000018   Code   RO         3266    i.RCC_ADCCLKConfig  stm32f10x_rcc.o
    0x080026f0   0x080026f0   0x00000020   Code   RO         3267    i.RCC_AHBPeriphClockCmd  stm32f10x_rcc.o
    0x08002710   0x08002710   0x00000020   Code   RO         3268    i.RCC_APB1PeriphClockCmd  stm32f10x_rcc.o
    0x08002730   0x08002730   0x00000020   Code   RO         3270    i.RCC_APB2PeriphClockCmd  stm32f10x_rcc.o
    0x08002750   0x08002750   0x000000d4   Code   RO         3278    i.RCC_GetClocksFreq  stm32f10x_rcc.o
    0x08002824   0x08002824   0x00000064   Code   RO          315    i.RGB_LedBlink      led.o
    0x08002888   0x08002888   0x00000064   Code   RO          316    i.RGB_LedInit       led.o
    0x080028ec   0x080028ec   0x0000006c   Code   RO          317    i.RGB_LedStatus     led.o
    0x08002958   0x08002958   0x00000038   Code   RO          977    i.ResetAttitudePidIntegral  controller.o
    0x08002990   0x08002990   0x00000010   Code   RO          978    i.ResetTakeoffAssist  controller.o
    0x080029a0   0x080029a0   0x0000001c   Code   RO          442    i.SDA_IN            iic.o
    0x080029bc   0x080029bc   0x00000024   Code   RO          443    i.SDA_OUT           iic.o
    0x080029e0   0x080029e0   0x00000018   Code   RO         3747    i.SPI_Cmd           stm32f10x_spi.o
    0x080029f8   0x080029f8   0x00000012   Code   RO         3755    i.SPI_I2S_GetFlagStatus  stm32f10x_spi.o
    0x08002a0a   0x08002a0a   0x00000006   Code   RO         3758    i.SPI_I2S_ReceiveData  stm32f10x_spi.o
    0x08002a10   0x08002a10   0x00000004   Code   RO         3759    i.SPI_I2S_SendData  stm32f10x_spi.o
    0x08002a14   0x08002a14   0x0000003c   Code   RO         3760    i.SPI_Init          stm32f10x_spi.o
    0x08002a50   0x08002a50   0x00000040   Code   RO          715    i.SPI_Read_Buf      nrf24l01.o
    0x08002a90   0x08002a90   0x0000002c   Code   RO          716    i.SPI_Read_Reg      nrf24l01.o
    0x08002abc   0x08002abc   0x00000040   Code   RO          717    i.SPI_Write_Buf     nrf24l01.o
    0x08002afc   0x08002afc   0x0000002c   Code   RO          718    i.SPI_Write_Reg     nrf24l01.o
    0x08002b28   0x08002b28   0x0000001a   Code   RO          617    i.STM32_FLASH_Read  flash.o
    0x08002b42   0x08002b42   0x00000002   Code   RO          179    i.SVC_Handler       stm32f10x_it.o
    0x08002b44   0x08002b44   0x00000008   Code   RO          230    i.SetSysClock       system_stm32f10x.o
    0x08002b4c   0x08002b4c   0x000000e0   Code   RO          231    i.SetSysClockTo72   system_stm32f10x.o
    0x08002c2c   0x08002c2c   0x000000c8   Code   RO          778    i.SpiInit           spi.o
    0x08002cf4   0x08002cf4   0x00000038   Code   RO          779    i.Spi_RW_Byte       spi.o
    0x08002d2c   0x08002d2c   0x00000018   Code   RO          271    i.SysTick_Handler   systick.o
    0x08002d44   0x08002d44   0x00000060   Code   RO          233    i.SystemInit        system_stm32f10x.o
    0x08002da4   0x08002da4   0x00000030   Code   RO          272    i.SystickInit       systick.o
    0x08002dd4   0x08002dd4   0x000000b4   Code   RO          938    i.TIM3_IRQHandler   timer.o
    0x08002e88   0x08002e88   0x00000018   Code   RO         3890    i.TIM_ARRPreloadConfig  stm32f10x_tim.o
    0x08002ea0   0x08002ea0   0x00000006   Code   RO         3896    i.TIM_ClearFlag     stm32f10x_tim.o
    0x08002ea6   0x08002ea6   0x00000018   Code   RO         3902    i.TIM_Cmd           stm32f10x_tim.o
    0x08002ebe   0x08002ebe   0x0000001e   Code   RO         3904    i.TIM_CtrlPWMOutputs  stm32f10x_tim.o
    0x08002edc   0x08002edc   0x00000012   Code   RO         3927    i.TIM_ITConfig      stm32f10x_tim.o
    0x08002eee   0x08002eee   0x00000002   PAD
    0x08002ef0   0x08002ef0   0x00000098   Code   RO         3931    i.TIM_OC1Init       stm32f10x_tim.o
    0x08002f88   0x08002f88   0x00000012   Code   RO         3934    i.TIM_OC1PreloadConfig  stm32f10x_tim.o
    0x08002f9a   0x08002f9a   0x00000002   PAD
    0x08002f9c   0x08002f9c   0x000000a4   Code   RO         3936    i.TIM_OC2Init       stm32f10x_tim.o
    0x08003040   0x08003040   0x0000001a   Code   RO         3939    i.TIM_OC2PreloadConfig  stm32f10x_tim.o
    0x0800305a   0x0800305a   0x00000002   PAD
    0x0800305c   0x0800305c   0x000000a0   Code   RO         3941    i.TIM_OC3Init       stm32f10x_tim.o
    0x080030fc   0x080030fc   0x00000012   Code   RO         3944    i.TIM_OC3PreloadConfig  stm32f10x_tim.o
    0x0800310e   0x0800310e   0x00000002   PAD
    0x08003110   0x08003110   0x0000007c   Code   RO         3946    i.TIM_OC4Init       stm32f10x_tim.o
    0x0800318c   0x0800318c   0x0000001a   Code   RO         3948    i.TIM_OC4PreloadConfig  stm32f10x_tim.o
    0x080031a6   0x080031a6   0x00000002   PAD
    0x080031a8   0x080031a8   0x000000a4   Code   RO         3973    i.TIM_TimeBaseInit  stm32f10x_tim.o
    0x0800324c   0x0800324c   0x000000d4   Code   RO          979    i.TakeoffAssistUpdate  controller.o
    0x08003320   0x08003320   0x0000000e   Code   RO          400    i.ThrottleLimit     imath.o
    0x0800332e   0x0800332e   0x00000002   PAD
    0x08003330   0x08003330   0x00000054   Code   RO          939    i.TimerInit         timer.o
    0x08003384   0x08003384   0x0000008c   Code   RO          318    i.TopLedColorSet    led.o
    0x08003410   0x08003410   0x00000024   Code   RO         1097    i.USART2_IRQHandler  usart2.o
    0x08003434   0x08003434   0x00000012   Code   RO         4434    i.USART_ClearFlag   stm32f10x_usart.o
    0x08003446   0x08003446   0x00000018   Code   RO         4438    i.USART_Cmd         stm32f10x_usart.o
    0x0800345e   0x0800345e   0x00000012   Code   RO         4439    i.USART_DMACmd      stm32f10x_usart.o
    0x08003470   0x08003470   0x0000001a   Code   RO         4441    i.USART_GetFlagStatus  stm32f10x_usart.o
    0x0800348a   0x0800348a   0x00000054   Code   RO         4442    i.USART_GetITStatus  stm32f10x_usart.o
    0x080034de   0x080034de   0x0000004a   Code   RO         4444    i.USART_ITConfig    stm32f10x_usart.o
    0x08003528   0x08003528   0x000000d8   Code   RO         4445    i.USART_Init        stm32f10x_usart.o
    0x08003600   0x08003600   0x0000000a   Code   RO         4452    i.USART_ReceiveData  stm32f10x_usart.o
    0x0800360a   0x0800360a   0x00000002   PAD
    0x0800360c   0x0800360c   0x0000004c   Code   RO          980    i.UnusualProtect    controller.o
    0x08003658   0x08003658   0x00000004   Code   RO          180    i.UsageFault_Handler  stm32f10x_it.o
    0x0800365c   0x0800365c   0x00000052   Code   RO         1098    i.Usart2DmaConfig   usart2.o
    0x080036ae   0x080036ae   0x00000002   PAD
    0x080036b0   0x080036b0   0x00000038   Code   RO         1099    i.Usart2DmaPoll     usart2.o
    0x080036e8   0x080036e8   0x00000098   Code   RO         1100    i.Usart2Init        usart2.o
    0x08003780   0x08003780   0x00000048   Code   RO         1101    i.Usart2Send        usart2.o
    0x080037c8   0x080037c8   0x00000054   Code   RO         1102    i.Usart2Task        usart2.o
    0x0800381c   0x0800381c   0x00000018   Code   RO         1103    i.Usart2WaitForDmaIdle  usart2.o
    0x08003834   0x08003834   0x0000007c   Code   RO         1104    i.UsartDMASendData  usart2.o
    0x080038b0   0x080038b0   0x0000005c   Code   RO          853    i.VoltageDetect     adc.o
    0x0800390c   0x0800390c   0x00000028   Code   RO         4862    i.__ARM_fpclassify  m_ws.l(fpclassify.o)
    0x08003934   0x08003934   0x000000aa   Code   RO         4864    i.__kernel_poly     m_ws.l(poly.o)
    0x080039de   0x080039de   0x00000006   Code   RO         4849    i.__mathlib_dbl_infnan  m_ws.l(dunder.o)
    0x080039e4   0x080039e4   0x00000004   Code   RO         4850    i.__mathlib_dbl_infnan2  m_ws.l(dunder.o)
    0x080039e8   0x080039e8   0x0000000c   Code   RO         4851    i.__mathlib_dbl_invalid  m_ws.l(dunder.o)
    0x080039f4   0x080039f4   0x00000010   Code   RO         4854    i.__mathlib_dbl_underflow  m_ws.l(dunder.o)
    0x08003a04   0x08003a04   0x00000024   Code   RO          981    i._controller_perform  controller.o
    0x08003a28   0x08003a28   0x000000a8   Code   RO         1180    i.accel_self_test   inv_mpu.o
    0x08003ad0   0x08003ad0   0x0000008c   Code   RO          854    i.adc_config        adc.o
    0x08003b5c   0x08003b5c   0x00000024   Code   RO          855    i.adc_gpio_init     adc.o
    0x08003b80   0x08003b80   0x00000270   Code   RO         4790    i.asin              m_ws.l(asin.o)
    0x08003df0   0x08003df0   0x00000220   Code   RO         4839    i.atan              m_ws.l(atan.o)
    0x08004010   0x08004010   0x00000180   Code   RO         4800    i.atan2             m_ws.l(atan2.o)
    0x08004190   0x08004190   0x00000064   Code   RO         1513    i.decode_gesture    inv_mpu_dmp_motion_driver.o
    0x080041f4   0x080041f4   0x00000044   Code   RO          273    i.delay_ms          systick.o
    0x08004238   0x08004238   0x00000022   Code   RO          401    i.direction_to_zero  imath.o
    0x0800425a   0x0800425a   0x0000003c   Code   RO         1514    i.dmp_enable_6x_lp_quat  inv_mpu_dmp_motion_driver.o
    0x08004296   0x08004296   0x00000002   PAD
    0x08004298   0x08004298   0x0000021c   Code   RO         1515    i.dmp_enable_feature  inv_mpu_dmp_motion_driver.o
    0x080044b4   0x080044b4   0x00000058   Code   RO         1516    i.dmp_enable_gyro_cal  inv_mpu_dmp_motion_driver.o
    0x0800450c   0x0800450c   0x0000003c   Code   RO         1517    i.dmp_enable_lp_quat  inv_mpu_dmp_motion_driver.o
    0x08004548   0x08004548   0x00000018   Code   RO         1522    i.dmp_load_motion_driver_firmware  inv_mpu_dmp_motion_driver.o
    0x08004560   0x08004560   0x000001cc   Code   RO         1523    i.dmp_read_fifo     inv_mpu_dmp_motion_driver.o
    0x0800472c   0x0800472c   0x00000130   Code   RO         1526    i.dmp_set_accel_bias  inv_mpu_dmp_motion_driver.o
    0x0800485c   0x0800485c   0x00000070   Code   RO         1527    i.dmp_set_fifo_rate  inv_mpu_dmp_motion_driver.o
    0x080048cc   0x080048cc   0x00000130   Code   RO         1528    i.dmp_set_gyro_bias  inv_mpu_dmp_motion_driver.o
    0x080049fc   0x080049fc   0x00000138   Code   RO         1530    i.dmp_set_orientation  inv_mpu_dmp_motion_driver.o
    0x08004b34   0x08004b34   0x00000038   Code   RO         1533    i.dmp_set_shake_reject_thresh  inv_mpu_dmp_motion_driver.o
    0x08004b6c   0x08004b6c   0x00000026   Code   RO         1534    i.dmp_set_shake_reject_time  inv_mpu_dmp_motion_driver.o
    0x08004b92   0x08004b92   0x00000026   Code   RO         1535    i.dmp_set_shake_reject_timeout  inv_mpu_dmp_motion_driver.o
    0x08004bb8   0x08004bb8   0x00000046   Code   RO         1536    i.dmp_set_tap_axes  inv_mpu_dmp_motion_driver.o
    0x08004bfe   0x08004bfe   0x00000026   Code   RO         1537    i.dmp_set_tap_count  inv_mpu_dmp_motion_driver.o
    0x08004c24   0x08004c24   0x000001a0   Code   RO         1538    i.dmp_set_tap_thresh  inv_mpu_dmp_motion_driver.o
    0x08004dc4   0x08004dc4   0x00000026   Code   RO         1539    i.dmp_set_tap_time  inv_mpu_dmp_motion_driver.o
    0x08004dea   0x08004dea   0x00000026   Code   RO         1540    i.dmp_set_tap_time_multi  inv_mpu_dmp_motion_driver.o
    0x08004e10   0x08004e10   0x000000b4   Code   RO         1181    i.get_accel_prod_shift  inv_mpu.o
    0x08004ec4   0x08004ec4   0x00000470   Code   RO         1182    i.get_st_biases     inv_mpu.o
    0x08005334   0x08005334   0x00000110   Code   RO         1183    i.gyro_self_test    inv_mpu.o
    0x08005444   0x08005444   0x00000028   Code   RO         1184    i.inv_orientation_matrix_to_scalar  inv_mpu.o
    0x0800546c   0x0800546c   0x0000004e   Code   RO         1185    i.inv_row_2_scale   inv_mpu.o
    0x080054ba   0x080054ba   0x00000096   Code   RO            1    i.main              main.o
    0x08005550   0x08005550   0x00000002   Code   RO         1186    i.mget_ms           inv_mpu.o
    0x08005552   0x08005552   0x00000002   PAD
    0x08005554   0x08005554   0x00000070   Code   RO         1187    i.mpu_configure_fifo  inv_mpu.o
    0x080055c4   0x080055c4   0x00000224   Code   RO         1188    i.mpu_dmp_get_data  inv_mpu.o
    0x080057e8   0x080057e8   0x0000009c   Code   RO         1189    i.mpu_dmp_init      inv_mpu.o
    0x08005884   0x08005884   0x0000004c   Code   RO         1190    i.mpu_get_accel_fsr  inv_mpu.o
    0x080058d0   0x080058d0   0x00000054   Code   RO         1192    i.mpu_get_accel_sens  inv_mpu.o
    0x08005924   0x08005924   0x00000010   Code   RO         1197    i.mpu_get_fifo_config  inv_mpu.o
    0x08005934   0x08005934   0x00000044   Code   RO         1198    i.mpu_get_gyro_fsr  inv_mpu.o
    0x08005978   0x08005978   0x00000050   Code   RO         1200    i.mpu_get_gyro_sens  inv_mpu.o
    0x080059c8   0x080059c8   0x00000050   Code   RO         1202    i.mpu_get_lpf       inv_mpu.o
    0x08005a18   0x08005a18   0x00000020   Code   RO         1204    i.mpu_get_sample_rate  inv_mpu.o
    0x08005a38   0x08005a38   0x00000190   Code   RO         1206    i.mpu_init          inv_mpu.o
    0x08005bc8   0x08005bc8   0x000000b8   Code   RO         1207    i.mpu_load_firmware  inv_mpu.o
    0x08005c80   0x08005c80   0x000000e0   Code   RO         1208    i.mpu_lp_accel_mode  inv_mpu.o
    0x08005d60   0x08005d60   0x000000c0   Code   RO         1211    i.mpu_read_fifo_stream  inv_mpu.o
    0x08005e20   0x08005e20   0x00000080   Code   RO         1212    i.mpu_read_mem      inv_mpu.o
    0x08005ea0   0x08005ea0   0x000001c8   Code   RO         1215    i.mpu_reset_fifo    inv_mpu.o
    0x08006068   0x08006068   0x0000011c   Code   RO         1216    i.mpu_run_self_test  inv_mpu.o
    0x08006184   0x08006184   0x00000084   Code   RO         1218    i.mpu_set_accel_fsr  inv_mpu.o
    0x08006208   0x08006208   0x0000014c   Code   RO         1219    i.mpu_set_bypass    inv_mpu.o
    0x08006354   0x08006354   0x00000090   Code   RO         1221    i.mpu_set_dmp_state  inv_mpu.o
    0x080063e4   0x080063e4   0x00000088   Code   RO         1222    i.mpu_set_gyro_fsr  inv_mpu.o
    0x0800646c   0x0800646c   0x0000006c   Code   RO         1223    i.mpu_set_int_latched  inv_mpu.o
    0x080064d8   0x080064d8   0x00000084   Code   RO         1225    i.mpu_set_lpf       inv_mpu.o
    0x0800655c   0x0800655c   0x0000009c   Code   RO         1226    i.mpu_set_sample_rate  inv_mpu.o
    0x080065f8   0x080065f8   0x000000d0   Code   RO         1227    i.mpu_set_sensors   inv_mpu.o
    0x080066c8   0x080066c8   0x00000080   Code   RO         1228    i.mpu_write_mem     inv_mpu.o
    0x08006748   0x08006748   0x00000128   Code   RO          682    i.nrf_parse_packet  parse_packet.o
    0x08006870   0x08006870   0x00000094   Code   RO         1229    i.run_self_test     inv_mpu.o
    0x08006904   0x08006904   0x00000090   Code   RO         1230    i.set_int_enable    inv_mpu.o
    0x08006994   0x08006994   0x0000004c   Code   RO         4868    i.sqrt              m_ws.l(sqrt.o)
    0x080069e0   0x080069e0   0x00000044   Code   RO          940    i.time_check        timer.o
    0x08006a24   0x08006a24   0x000000a4   Code   RO          796    i.wait_pairing      pair_freq.o
    0x08006ac8   0x08006ac8   0x00000062   Code   RO         4735    x$fpl$d2f           fz_ws.l(d2f.o)
    0x08006b2a   0x08006b2a   0x00000002   PAD
    0x08006b2c   0x08006b2c   0x00000150   Code   RO         4737    x$fpl$dadd          fz_ws.l(daddsub_clz.o)
    0x08006c7c   0x08006c7c   0x00000010   Code   RO         4915    x$fpl$dcheck1       fz_ws.l(dcheck1.o)
    0x08006c8c   0x08006c8c   0x000002b0   Code   RO         4744    x$fpl$ddiv          fz_ws.l(ddiv.o)
    0x08006f3c   0x08006f3c   0x0000002e   Code   RO         4748    x$fpl$dflt          fz_ws.l(dflt_clz.o)
    0x08006f6a   0x08006f6a   0x00000002   PAD
    0x08006f6c   0x08006f6c   0x00000154   Code   RO         4753    x$fpl$dmul          fz_ws.l(dmul.o)
    0x080070c0   0x080070c0   0x0000009c   Code   RO         4825    x$fpl$dnaninf       fz_ws.l(dnaninf.o)
    0x0800715c   0x0800715c   0x0000000c   Code   RO         4827    x$fpl$dretinf       fz_ws.l(dretinf.o)
    0x08007168   0x08007168   0x00000016   Code   RO         4738    x$fpl$drsb          fz_ws.l(daddsub_clz.o)
    0x0800717e   0x0800717e   0x00000002   PAD
    0x08007180   0x08007180   0x000001cc   Code   RO         4919    x$fpl$dsqrt         fz_ws.l(dsqrt_noumaal.o)
    0x0800734c   0x0800734c   0x000001d4   Code   RO         4739    x$fpl$dsub          fz_ws.l(daddsub_clz.o)
    0x08007520   0x08007520   0x00000056   Code   RO         4755    x$fpl$f2d           fz_ws.l(f2d.o)
    0x08007576   0x08007576   0x00000002   PAD
    0x08007578   0x08007578   0x000000c4   Code   RO         4757    x$fpl$fadd          fz_ws.l(faddsub_clz.o)
    0x0800763c   0x0800763c   0x00000018   Code   RO         4829    x$fpl$fcmpinf       fz_ws.l(fcmpi.o)
    0x08007654   0x08007654   0x00000184   Code   RO         4764    x$fpl$fdiv          fz_ws.l(fdiv.o)
    0x080077d8   0x080077d8   0x00000068   Code   RO         4767    x$fpl$feqf          fz_ws.l(feqf.o)
    0x08007840   0x08007840   0x00000036   Code   RO         4769    x$fpl$ffix          fz_ws.l(ffix.o)
    0x08007876   0x08007876   0x00000002   PAD
    0x08007878   0x08007878   0x0000003e   Code   RO         4773    x$fpl$ffixu         fz_ws.l(ffixu.o)
    0x080078b6   0x080078b6   0x00000002   PAD
    0x080078b8   0x080078b8   0x00000030   Code   RO         4778    x$fpl$fflt          fz_ws.l(fflt_clz.o)
    0x080078e8   0x080078e8   0x00000026   Code   RO         4777    x$fpl$ffltu         fz_ws.l(fflt_clz.o)
    0x0800790e   0x0800790e   0x00000002   PAD
    0x08007910   0x08007910   0x00000068   Code   RO         4783    x$fpl$fleqf         fz_ws.l(fleqf.o)
    0x08007978   0x08007978   0x00000102   Code   RO         4785    x$fpl$fmul          fz_ws.l(fmul.o)
    0x08007a7a   0x08007a7a   0x0000008c   Code   RO         4831    x$fpl$fnaninf       fz_ws.l(fnaninf.o)
    0x08007b06   0x08007b06   0x0000000a   Code   RO         4833    x$fpl$fretinf       fz_ws.l(fretinf.o)
    0x08007b10   0x08007b10   0x00000062   Code   RO         4787    x$fpl$frleqf        fz_ws.l(frleqf.o)
    0x08007b72   0x08007b72   0x00000002   PAD
    0x08007b74   0x08007b74   0x000000ea   Code   RO         4759    x$fpl$fsub          fz_ws.l(faddsub_clz.o)
    0x08007c5e   0x08007c5e   0x00000064   Code   RO         5083    x$fpl$retnan        fz_ws.l(retnan.o)
    0x08007cc2   0x08007cc2   0x0000005c   Code   RO         4835    x$fpl$scalbn        fz_ws.l(scalbn.o)
    0x08007d1e   0x08007d1e   0x00000030   Code   RO         5145    x$fpl$trapveneer    fz_ws.l(trapv.o)
    0x08007d4e   0x08007d4e   0x00000000   Code   RO         4837    x$fpl$usenofp       fz_ws.l(usenofp.o)
    0x08007d4e   0x08007d4e   0x00000002   PAD
    0x08007d50   0x08007d50   0x0000012c   Data   RO          896    .constdata          pid.o
    0x08007e7c   0x08007e7c   0x00000050   Data   RO         1232    .constdata          inv_mpu.o
    0x08007ecc   0x08007ecc   0x00000bf6   Data   RO         1542    .constdata          inv_mpu_dmp_motion_driver.o
    0x08008ac2   0x08008ac2   0x00000006   PAD
    0x08008ac8   0x08008ac8   0x00000050   Data   RO         4791    .constdata          m_ws.l(asin.o)
    0x08008b18   0x08008b18   0x00000098   Data   RO         4840    .constdata          m_ws.l(atan.o)
    0x08008bb0   0x08008bb0   0x00000008   Data   RO         4866    .constdata          m_ws.l(qnan.o)
    0x08008bb8   0x08008bb8   0x00000020   Data   RO         5228    Region$$Table       anon$$obj.o


    Execution Region RW_IRAM1 (Exec base: 0x20000000, Load base: 0x08008bd8, Size: 0x00000b08, Max: 0x00005000, ABSOLUTE)

    Exec Addr    Load Addr    Size         Type   Attr      Idx    E Section Name        Object

    0x20000000   0x08008bd8   0x00000014   Data   RW          234    .data               system_stm32f10x.o
    0x20000014   0x08008bec   0x00000004   Data   RW          276    .data               systick.o
    0x20000018   0x08008bf0   0x0000000c   Data   RW          319    .data               led.o
    0x20000024   0x08008bfc   0x00000003   Data   RW          624    .data               flash.o
    0x20000027   0x08008bff   0x00000006   Data   RW          798    .data               pair_freq.o
    0x2000002d   0x08008c05   0x00000003   PAD
    0x20000030   0x08008c08   0x00000008   Data   RW          856    .data               adc.o
    0x20000038   0x08008c10   0x00000004   Data   RW          897    .data               pid.o
    0x2000003c   0x08008c14   0x00000005   Data   RW          942    .data               timer.o
    0x20000041   0x08008c19   0x00000003   PAD
    0x20000044   0x08008c1c   0x00000028   Data   RW          982    .data               controller.o
    0x2000006c   0x08008c44   0x00000006   Data   RW         1106    .data               usart2.o
    0x20000072   0x08008c4a   0x00000002   PAD
    0x20000074   0x08008c4c   0x00000035   Data   RW         1233    .data               inv_mpu.o
    0x200000a9   0x08008c81   0x00000014   Data   RW         3298    .data               stm32f10x_rcc.o
    0x200000bd   0x08008c95   0x00000003   PAD
    0x200000c0        -       0x00000024   Zero   RW          519    .bss                mpu6050.o
    0x200000e4        -       0x0000003c   Zero   RW          683    .bss                parse_packet.o
    0x20000120        -       0x0000001c   Zero   RW          823    .bss                imu.o
    0x2000013c        -       0x00000294   Zero   RW          895    .bss                pid.o
    0x200003d0        -       0x00000020   Zero   RW          941    .bss                timer.o
    0x200003f0        -       0x000000a4   Zero   RW         1105    .bss                usart2.o
    0x20000494        -       0x00000010   Zero   RW         1541    .bss                inv_mpu_dmp_motion_driver.o
    0x200004a4        -       0x00000060   Zero   RW         4927    .bss                c_w.l(libspace.o)
    0x20000504   0x08008c95   0x00000004   PAD
    0x20000508        -       0x00000200   Zero   RW          265    HEAP                startup_stm32f10x_md.o
    0x20000708        -       0x00000400   Zero   RW          264    STACK               startup_stm32f10x_md.o


==============================================================================

Image component sizes


      Code (inc. data)   RO Data    RW Data    ZI Data      Debug   Object Name

       380         40          0          8          0       2982   adc.o
      1234        140          0         40          0       7730   controller.o
         0          0          0          0          0         32   core_cm3.o
       224         14          0          0          0        554   fc_status.o
       630          6          0          3          0       3025   flash.o
       602         82          0          0          0       5097   iic.o
        62          0          0          0          0       1685   imath.o
       112         12          0          0         28       1862   imu.o
      6764        214         80         53          0      29092   inv_mpu.o
      3096        122       3062          0         16      19558   inv_mpu_dmp_motion_driver.o
       760         94          0         12          0       4577   led.o
       150          0          0          0          0     287819   main.o
       132         22          0          0          0       1383   misc.o
       684          0          0          0         36       8785   mpu6050.o
       544         44          0          0          0       4904   nrf24l01.o
        68          0          0          0          0        486   nvic.o
       164         16          0          6          0       1082   pair_freq.o
       380         28          0          0         60       2473   parse_packet.o
       438         26        300          4        660       2549   pid.o
       320         14          0          0          0       1247   pwm.o
       256         18          0          0          0       1096   spi.o
        64         26        236          0       1536        792   startup_stm32f10x_md.o
       370         10          0          0          0       6385   stm32f10x_adc.o
       428          8          0          0          0       4260   stm32f10x_dma.o
       330         38          0          0          0       5022   stm32f10x_flash.o
       430          6          0          0          0       3638   stm32f10x_gpio.o
        24          0          0          0          0       3340   stm32f10x_it.o
       332         44          0         20          0       5237   stm32f10x_rcc.o
       112          0          0          0          0       3554   stm32f10x_spi.o
       954         92          0          0          0       8500   stm32f10x_tim.o
       470          6          0          0          0       6365   stm32f10x_usart.o
       328         28          0         20          0       2105   system_stm32f10x.o
       140         22          0          4          0       1467   systick.o
       332         50          0          5         32       2344   timer.o
      2908        158          0          6        164       9494   usart2.o

    ----------------------------------------------------------------------
     24256       1380       3716        192       2532     450521   Object Totals
         0          0         32          0          0          0   (incl. Generated)
        34          0          6         11          0          0   (incl. Padding)

    ----------------------------------------------------------------------

      Code (inc. data)   RO Data    RW Data    ZI Data      Debug   Library Member Name

         8          0          0          0          0         68   __main.o
         0          0          0          0          0          0   __rtentry.o
        12          0          0          0          0          0   __rtentry2.o
         6          0          0          0          0          0   __rtentry4.o
        52          8          0          0          0          0   __scatter.o
        26          0          0          0          0          0   __scatter_copy.o
        28          0          0          0          0          0   __scatter_zi.o
        22          0          0          0          0        100   _rserrno.o
        16          0          0          0          0         68   aeabi_memset.o
        18          0          0          0          0         80   exit.o
         6          0          0          0          0        152   heapauxi.o
         0          0          0          0          0          0   indicate_semi.o
         2          0          0          0          0          0   libinit.o
         2          0          0          0          0          0   libinit2.o
         2          0          0          0          0          0   libshutdown.o
         2          0          0          0          0          0   libshutdown2.o
         8          4          0          0         96         68   libspace.o
        72          0          0          0          0         76   llsdiv.o
       238          0          0          0          0        100   lludivv7m.o
        88          0          0          0          0         76   memcmp.o
         8          4          0          0          0         68   rt_errno_addr_intlibspace.o
        68          0          0          0          0         68   rt_memclr.o
        78          0          0          0          0         80   rt_memclr_w.o
       100          0          0          0          0         80   rt_memcpy_w.o
         2          0          0          0          0          0   rtexit.o
        10          0          0          0          0          0   rtexit2.o
        12          4          0          0          0         68   sys_exit.o
        74          0          0          0          0         80   sys_stackheap_outer.o
         2          0          0          0          0         68   use_no_semi.o
        98          4          0          0          0         92   d2f.o
       826         16          0          0          0        348   daddsub_clz.o
        16          4          0          0          0         68   dcheck1.o
       688        140          0          0          0        208   ddiv.o
        46          0          0          0          0         68   dflt_clz.o
       340         12          0          0          0        104   dmul.o
       156          4          0          0          0         92   dnaninf.o
        12          0          0          0          0         68   dretinf.o
       460         56          0          0          0        120   dsqrt_noumaal.o
        86          4          0          0          0         84   f2d.o
       430          8          0          0          0        168   faddsub_clz.o
        24          0          0          0          0         68   fcmpi.o
       388         76          0          0          0         96   fdiv.o
       104          4          0          0          0         84   feqf.o
        54          4          0          0          0         84   ffix.o
        62          4          0          0          0         84   ffixu.o
        86          0          0          0          0        136   fflt_clz.o
       104          4          0          0          0         84   fleqf.o
       258          4          0          0          0         84   fmul.o
       140          4          0          0          0         84   fnaninf.o
        10          0          0          0          0         68   fretinf.o
        98          0          0          0          0         68   frleqf.o
       100          0          0          0          0         68   retnan.o
        92          0          0          0          0         68   scalbn.o
        48          0          0          0          0         68   trapv.o
         0          0          0          0          0          0   usenofp.o
       624         52         80          0          0        168   asin.o
       544         70        152          0          0        124   atan.o
       384         38          0          0          0        144   atan2.o
        38          6          0          0          0        272   dunder.o
        40          0          0          0          0         68   fpclassify.o
       170          0          0          0          0         96   poly.o
         0          0          8          0          0          0   qnan.o
        76          0          0          0          0         84   sqrt.o

    ----------------------------------------------------------------------
      7588        534        240          0        100       4820   Library Totals
        24          0          0          0          4          0   (incl. Padding)

    ----------------------------------------------------------------------

      Code (inc. data)   RO Data    RW Data    ZI Data      Debug   Library Name

       962         20          0          0         96       1300   c_w.l
      4726        348          0          0          0       2564   fz_ws.l
      1876        166        240          0          0        956   m_ws.l

    ----------------------------------------------------------------------
      7588        534        240          0        100       4820   Library Totals

    ----------------------------------------------------------------------

==============================================================================


      Code (inc. data)   RO Data    RW Data    ZI Data      Debug   

     31844       1914       3956        192       2632     441557   Grand Totals
     31844       1914       3956        192       2632     441557   ELF Image Totals
     31844       1914       3956        192          0          0   ROM Totals

==============================================================================

    Total RO  Size (Code + RO Data)                35800 (  34.96kB)
    Total RW  Size (RW Data + ZI Data)              2824 (   2.76kB)
    Total ROM Size (Code + RO Data + RW Data)      35992 (  35.15kB)

==============================================================================

