<html>
<body>
<pre>
<h1>礦ision Build Log</h1>
<h2>Tool Versions:</h2>
IDE-Version: μVision V5.24.2.0
Copyright (C) 2017 ARM Ltd and ARM Germany GmbH. All rights reserved.
License Information: 1 Administrator, 1, LIC=X96CK-ZMS6P-Y8AFK-Z8V52-8FH82-55ILS
 
Tool Versions:
Toolchain:       MDK-ARM Plus  Version: 5.24.1
Toolchain Path:  D:\software\Keil_v5\ARM\ARMCC\Bin
C Compiler:      Armcc.exe V5.06 update 5 (build 528)
Assembler:       Armasm.exe V5.06 update 5 (build 528)
Linker/Locator:  ArmLink.exe V5.06 update 5 (build 528)
Library Manager: ArmAr.exe V5.06 update 5 (build 528)
Hex Converter:   FromElf.exe V5.06 update 5 (build 528)
CPU DLL:         SARMCM3.DLL V5.24.1
Dialog DLL:      DCM.DLL V1.16.0.0
Target DLL:      STLink\ST-LINKIII-KEIL_SWO.dll V3.0.1.0
Dialog DLL:      TCM.DLL V1.32.0.0
 
<h2>Project:</h2>
D:\嵌入式\开源小四轴汇总资料\程序文件及KEIL5\04_Perfei_RemoteV2.0遥控器程序\user\remote.uvprojx
Project File Date:  06/16/2025

<h2>Output:</h2>
*** Using Compiler 'V5.06 update 5 (build 528)', folder: 'D:\software\Keil_v5\ARM\ARMCC\Bin'
Rebuild target 'remote'
compiling main.c...
main.c(68): warning:  #1-D: last line of file ends without a newline
  //}
main.c: 1 warning, 0 errors
compiling system_stm32f10x.c...
compiling stm32f10x_it.c...
compiling led.c...
compiling systick.c...
compiling spi.c...
compiling nrf24l01.c...
compiling filter.c...
compiling usart1.c...
compiling usart3.c...
compiling imath.c...
compiling adc.c...
compiling sendpacket.c...
compiling nvic.c...
compiling timing_trigger.c...
compiling key.c...
compiling OledFont.c...
compiling pair_freq.c...
..\driver\pair_freq.c(6): warning:  #188-D: enumerated type mixed with another type
  Pair pair = {0,{0x1F,0x2E,0x3D,0x4C,0x5B},5};//閰嶅鏍囧織浣嶏紱鍒濆鎺ユ敹鍦板潃锛涘垵濮嬫帴鏀堕鐐?
..\driver\pair_freq.c: 1 warning, 0 errors
compiling oled.c...
compiling misc.c...
compiling iic.c...
compiling stm32f10x_adc.c...
compiling stm32f10x_dma.c...
compiling stm32f10x_gpio.c...
compiling stm32f10x_flash.c...
compiling stm32f10x_rcc.c...
compiling stm32f10x_spi.c...
assembling startup_stm32f10x_md.s...
compiling stm32f10x_tim.c...
compiling stm32f10x_usart.c...
compiling core_cm3.c...
linking...
Program Size: Code=7924 RO-data=4292 RW-data=92 ZI-data=1668  
FromELF: creating hex file...
"..\out_file\four rotor.axf" - 0 Error(s), 2 Warning(s).

<h2>Software Packages used:</h2>

Package Vendor: Keil
                http://www.keil.com/pack/Keil.STM32F1xx_DFP.2.2.0.pack
                Keil.STM32F1xx_DFP.2.2.0
                STMicroelectronics STM32F1 Series Device Support, Drivers and Examples

<h2>Collection of Component include folders:</h2>
  .\RTE\_remote
  D:\software\Keil_v5\ARM\PACK\Keil\STM32F1xx_DFP\2.2.0\Device\Include

<h2>Collection of Component Files used:</h2>
Build Time Elapsed:  00:00:03
</pre>
</body>
</html>
